
Running 5 tests using 1 worker

[1A[2K[1/5] [chromium] ΓÇ║ e2e\auth.spec.js:9:3 ΓÇ║ Authentication E2E Tests ΓÇ║ User can register a new account
[1A[2K[chromium] ΓÇ║ e2e\auth.spec.js:9:3 ΓÇ║ Authentication E2E Tests ΓÇ║ User can register a new account
Clicking register button...

[1A[2KSuccessfully navigated to: http://localhost:3000/dashboard

[1A[2K[2/5] [chromium] ΓÇ║ e2e\auth.spec.js:54:3 ΓÇ║ Authentication E2E Tests ΓÇ║ User can login with valid credentials
