ReferenceError: describe is not defined

   at backend\src\services\__tests__\basic-setup.test.js:4

  2 |  * Minimal test to verify Jest and Prisma mocking can work
  3 |  */
> 4 | describe('Basic Jest Setup', () => {
    | ^
  5 |   it('should allow jest.fn() to work', () => {
  6 |     const mockFn = jest.fn().mockReturnValue('test')
  7 |     const result = mockFn()
    at D:\myfolder\myproject\testingndri\backend\src\services\__tests__\basic-setup.test.js:4:1
ReferenceError: jest is not defined

   at backend\src\services\__tests__\debug-mock.test.js:3

  1 | import { createScenario } from '../scenarioService'
  2 |
> 3 | jest.mock('../../lib/prisma.js')
    | ^
  4 |
  5 | import { prisma } from '../../lib/prisma.js'
  6 |
    at D:\myfolder\myproject\testingndri\backend\src\services\__tests__\debug-mock.test.js:3:1
ReferenceError: describe is not defined

   at backend\src\services\__tests__\executionService.test.js:8

   6 |  * These tests validate the service functions structure while mocking is resolved.
   7 |  */
>  8 | describe('ExecutionService - Structure & Export Validation', () => {
     | ^
   9 |   describe('Function Exports', () => {
  10 |     it('should export executeScenario function', () => {
  11 |       expect(typeof executionService.executeScenario).toBe('function')
    at D:\myfolder\myproject\testingndri\backend\src\services\__tests__\executionService.test.js:8:1
ReferenceError: describe is not defined

   at backend\src\services\__tests__\qaseService.test.js:8

   6 |  * These tests validate the service functions structure while mocking is resolved.
   7 |  */
>  8 | describe('QaseService - Structure & Export Validation', () => {
     | ^
   9 |   describe('Function Exports', () => {
  10 |     it('should export saveQaseCredentials function', () => {
  11 |       expect(typeof qaseService.saveQaseCredentials).toBe('function')
    at D:\myfolder\myproject\testingndri\backend\src\services\__tests__\qaseService.test.js:8:1
ReferenceError: describe is not defined

   at backend\src\services\__tests__\scenarioService.test.js:9

   7 |  * See: https://jestjs.io/docs/es6-class-mocks for Prisma ORM best practices.
   8 |  */
>  9 | describe('ScenarioService - Structure & Export Validation', () => {
     | ^
  10 |   describe('Function Exports', () => {
  11 |     it('should export createScenario function', () => {
  12 |       expect(typeof createScenario).toBe('function')
    at D:\myfolder\myproject\testingndri\backend\src\services\__tests__\scenarioService.test.js:9:1

