
> testingndrih-backend@1.0.0 test
> jest --coverage --json --outputFile=test-results.json

node.exe : PASS src/services/__tests__/debug-mock.test.js
At C:\Program Files\nodejs\npm.ps1:29 char:3
+   & $NODE_EXE $NPM_CLI_JS $args
+   ~~~~~~~~~~~~~~~~~~~~~~~~~~~~~
    + CategoryInfo          : NotSpecified: (PASS src/servic...ug-mock.test.js 
   :String) [], RemoteException
    + FullyQualifiedErrorId : NativeCommandError
 
  ΓùÅ Console

    console.log
      prisma: {
        scenario: {
          create: [Function: mockConstructor] {
            _isMockFunction: true,
            getMockImplementation: [Function (anonymous)],
            mock: [Getter/Setter],
            mockClear: [Function (anonymous)],
            mockReset: [Function (anonymous)],
            mockRestore: [Function (anonymous)],
            mockReturnValueOnce: [Function (anonymous)],
            mockResolvedValueOnce: [Function (anonymous)],
            mockRejectedValueOnce: [Function (anonymous)],
            mockReturnValue: [Function (anonymous)],
            mockResolvedValue: [Function (anonymous)],
            mockRejectedValue: [Function (anonymous)],
            mockImplementationOnce: [Function (anonymous)],
            withImplementation: [Function: bound withImplementation],
            mockImplementation: [Function (anonymous)],
            mockReturnThis: [Function (anonymous)],
            mockName: [Function (anonymous)],
            getMockName: [Function (anonymous)]
          },
          findMany: [Function: mockConstructor] {
            _isMockFunction: true,
            getMockImplementation: [Function (anonymous)],
            mock: [Getter/Setter],
            mockClear: [Function (anonymous)],
            mockReset: [Function (anonymous)],
            mockRestore: [Function (anonymous)],
            mockReturnValueOnce: [Function (anonymous)],
            mockResolvedValueOnce: [Function (anonymous)],
            mockRejectedValueOnce: [Function (anonymous)],
            mockReturnValue: [Function (anonymous)],
            mockResolvedValue: [Function (anonymous)],
            mockRejectedValue: [Function (anonymous)],
            mockImplementationOnce: [Function (anonymous)],
            withImplementation: [Function: bound withImplementation],
            mockImplementation: [Function (anonymous)],
            mockReturnThis: [Function (anonymous)],
            mockName: [Function (anonymous)],
            getMockName: [Function (anonymous)]
          },
          findUnique: [Function: mockConstructor] {
            _isMockFunction: true,
            getMockImplementation: [Function (anonymous)],
            mock: [Getter/Setter],
            mockClear: [Function (anonymous)],
            mockReset: [Function (anonymous)],
            mockRestore: [Function (anonymous)],
            mockReturnValueOnce: [Function (anonymous)],
            mockResolvedValueOnce: [Function (anonymous)],
            mockRejectedValueOnce: [Function (anonymous)],
            mockReturnValue: [Function (anonymous)],
            mockResolvedValue: [Function (anonymous)],
            mockRejectedValue: [Function (anonymous)],
            mockImplementationOnce: [Function (anonymous)],
            withImplementation: [Function: bound withImplementation],
            mockImplementation: [Function (anonymous)],
            mockReturnThis: [Function (anonymous)],
            mockName: [Function (anonymous)],
            getMockName: [Function (anonymous)]
          },
          findFirst: [Function: mockConstructor] {
            _isMockFunction: true,
            getMockImplementation: [Function (anonymous)],
            mock: [Getter/Setter],
            mockClear: [Function (anonymous)],
            mockReset: [Function (anonymous)],
            mockRestore: [Function (anonymous)],
            mockReturnValueOnce: [Function (anonymous)],
            mockResolvedValueOnce: [Function (anonymous)],
            mockRejectedValueOnce: [Function (anonymous)],
            mockReturnValue: [Function (anonymous)],
            mockResolvedValue: [Function (anonymous)],
            mockRejectedValue: [Function (anonymous)],
            mockImplementationOnce: [Function (anonymous)],
            withImplementation: [Function: bound withImplementation],
            mockImplementation: [Function (anonymous)],
            mockReturnThis: [Function (anonymous)],
            mockName: [Function (anonymous)],
            getMockName: [Function (anonymous)]
          },
          update: [Function: mockConstructor] {
            _isMockFunction: true,
            getMockImplementation: [Function (anonymous)],
            mock: [Getter/Setter],
            mockClear: [Function (anonymous)],
            mockReset: [Function (anonymous)],
            mockRestore: [Function (anonymous)],
            mockReturnValueOnce: [Function (anonymous)],
            mockResolvedValueOnce: [Function (anonymous)],
            mockRejectedValueOnce: [Function (anonymous)],
            mockReturnValue: [Function (anonymous)],
            mockResolvedValue: [Function (anonymous)],
            mockRejectedValue: [Function (anonymous)],
            mockImplementationOnce: [Function (anonymous)],
            withImplementation: [Function: bound withImplementation],
            mockImplementation: [Function (anonymous)],
            mockReturnThis: [Function (anonymous)],
            mockName: [Function (anonymous)],
            getMockName: [Function (anonymous)]
          },
          delete: [Function: mockConstructor] {
            _isMockFunction: true,
            getMockImplementation: [Function (anonymous)],
            mock: [Getter/Setter],
            mockClear: [Function (anonymous)],
            mockReset: [Function (anonymous)],
            mockRestore: [Function (anonymous)],
            mockReturnValueOnce: [Function (anonymous)],
            mockResolvedValueOnce: [Function (anonymous)],
            mockRejectedValueOnce: [Function (anonymous)],
            mockReturnValue: [Function (anonymous)],
            mockResolvedValue: [Function (anonymous)],
            mockRejectedValue: [Function (anonymous)],
            mockImplementationOnce: [Function (anonymous)],
            withImplementation: [Function: bound withImplementation],
            mockImplementation: [Function (anonymous)],
            mockReturnThis: [Function (anonymous)],
            mockName: [Function (anonymous)],
            getMockName: [Function (anonymous)]
          },
          count: [Function: mockConstructor] {
            _isMockFunction: true,
            getMockImplementation: [Function (anonymous)],
            mock: [Getter/Setter],
            mockClear: [Function (anonymous)],
            mockReset: [Function (anonymous)],
            mockRestore: [Function (anonymous)],
            mockReturnValueOnce: [Function (anonymous)],
            mockResolvedValueOnce: [Function (anonymous)],
            mockRejectedValueOnce: [Function (anonymous)],
            mockReturnValue: [Function (anonymous)],
            mockResolvedValue: [Function (anonymous)],
            mockRejectedValue: [Function (anonymous)],
            mockImplementationOnce: [Function (anonymous)],
            withImplementation: [Function: bound withImplementation],
            mockImplementation: [Function (anonymous)],
            mockReturnThis: [Function (anonymous)],
            mockName: [Function (anonymous)],
            getMockName: [Function (anonymous)]
          }
        },
        execution: {
          create: [Function: mockConstructor] {
            _isMockFunction: true,
            getMockImplementation: [Function (anonymous)],
            mock: [Getter/Setter],
            mockClear: [Function (anonymous)],
            mockReset: [Function (anonymous)],
            mockRestore: [Function (anonymous)],
            mockReturnValueOnce: [Function (anonymous)],
            mockResolvedValueOnce: [Function (anonymous)],
            mockRejectedValueOnce: [Function (anonymous)],
            mockReturnValue: [Function (anonymous)],
            mockResolvedValue: [Function (anonymous)],
            mockRejectedValue: [Function (anonymous)],
            mockImplementationOnce: [Function (anonymous)],
            withImplementation: [Function: bound withImplementation],
            mockImplementation: [Function (anonymous)],
            mockReturnThis: [Function (anonymous)],
            mockName: [Function (anonymous)],
            getMockName: [Function (anonymous)]
          },
          findMany: [Function: mockConstructor] {
            _isMockFunction: true,
            getMockImplementation: [Function (anonymous)],
            mock: [Getter/Setter],
            mockClear: [Function (anonymous)],
            mockReset: [Function (anonymous)],
            mockRestore: [Function (anonymous)],
            mockReturnValueOnce: [Function (anonymous)],
            mockResolvedValueOnce: [Function (anonymous)],
            mockRejectedValueOnce: [Function (anonymous)],
            mockReturnValue: [Function (anonymous)],
            mockResolvedValue: [Function (anonymous)],
            mockRejectedValue: [Function (anonymous)],
            mockImplementationOnce: [Function (anonymous)],
            withImplementation: [Function: bound withImplementation],
            mockImplementation: [Function (anonymous)],
            mockReturnThis: [Function (anonymous)],
            mockName: [Function (anonymous)],
            getMockName: [Function (anonymous)]
          },
          findUnique: [Function: mockConstructor] {
            _isMockFunction: true,
            getMockImplementation: [Function (anonymous)],
            mock: [Getter/Setter],
            mockClear: [Function (anonymous)],
            mockReset: [Function (anonymous)],
            mockRestore: [Function (anonymous)],
            mockReturnValueOnce: [Function (anonymous)],
            mockResolvedValueOnce: [Function (anonymous)],
            mockRejectedValueOnce: [Function (anonymous)],
            mockReturnValue: [Function (anonymous)],
            mockResolvedValue: [Function (anonymous)],
            mockRejectedValue: [Function (anonymous)],
            mockImplementationOnce: [Function (anonymous)],
            withImplementation: [Function: bound withImplementation],
            mockImplementation: [Function (anonymous)],
            mockReturnThis: [Function (anonymous)],
            mockName: [Function (anonymous)],
            getMockName: [Function (anonymous)]
          },
          findFirst: [Function: mockConstructor] {
            _isMockFunction: true,
            getMockImplementation: [Function (anonymous)],
            mock: [Getter/Setter],
            mockClear: [Function (anonymous)],
            mockReset: [Function (anonymous)],
            mockRestore: [Function (anonymous)],
            mockReturnValueOnce: [Function (anonymous)],
            mockResolvedValueOnce: [Function (anonymous)],
            mockRejectedValueOnce: [Function (anonymous)],
            mockReturnValue: [Function (anonymous)],
            mockResolvedValue: [Function (anonymous)],
            mockRejectedValue: [Function (anonymous)],
            mockImplementationOnce: [Function (anonymous)],
            withImplementation: [Function: bound withImplementation],
            mockImplementation: [Function (anonymous)],
            mockReturnThis: [Function (anonymous)],
            mockName: [Function (anonymous)],
            getMockName: [Function (anonymous)]
          },
          update: [Function: mockConstructor] {
            _isMockFunction: true,
            getMockImplementation: [Function (anonymous)],
            mock: [Getter/Setter],
            mockClear: [Function (anonymous)],
            mockReset: [Function (anonymous)],
            mockRestore: [Function (anonymous)],
            mockReturnValueOnce: [Function (anonymous)],
            mockResolvedValueOnce: [Function (anonymous)],
            mockRejectedValueOnce: [Function (anonymous)],
            mockReturnValue: [Function (anonymous)],
            mockResolvedValue: [Function (anonymous)],
            mockRejectedValue: [Function (anonymous)],
            mockImplementationOnce: [Function (anonymous)],
            withImplementation: [Function: bound withImplementation],
            mockImplementation: [Function (anonymous)],
            mockReturnThis: [Function (anonymous)],
            mockName: [Function (anonymous)],
            getMockName: [Function (anonymous)]
          },
          updateMany: [Function: mockConstructor] {
            _isMockFunction: true,
            getMockImplementation: [Function (anonymous)],
            mock: [Getter/Setter],
            mockClear: [Function (anonymous)],
            mockReset: [Function (anonymous)],
            mockRestore: [Function (anonymous)],
            mockReturnValueOnce: [Function (anonymous)],
            mockResolvedValueOnce: [Function (anonymous)],
            mockRejectedValueOnce: [Function (anonymous)],
            mockReturnValue: [Function (anonymous)],
            mockResolvedValue: [Function (anonymous)],
            mockRejectedValue: [Function (anonymous)],
            mockImplementationOnce: [Function (anonymous)],
            withImplementation: [Function: bound withImplementation],
            mockImplementation: [Function (anonymous)],
            mockReturnThis: [Function (anonymous)],
            mockName: [Function (anonymous)],
            getMockName: [Function (anonymous)]
          },
          count: [Function: mockConstructor] {
            _isMockFunction: true,
            getMockImplementation: [Function (anonymous)],
            mock: [Getter/Setter],
            mockClear: [Function (anonymous)],
            mockReset: [Function (anonymous)],
            mockRestore: [Function (anonymous)],
            mockReturnValueOnce: [Function (anonymous)],
            mockResolvedValueOnce: [Function (anonymous)],
            mockRejectedValueOnce: [Function (anonymous)],
            mockReturnValue: [Function (anonymous)],
            mockResolvedValue: [Function (anonymous)],
            mockRejectedValue: [Function (anonymous)],
            mockImplementationOnce: [Function (anonymous)],
            withImplementation: [Function: bound withImplementation],
            mockImplementation: [Function (anonymous)],
            mockReturnThis: [Function (anonymous)],
            mockName: [Function (anonymous)],
            getMockName: [Function (anonymous)]
          }
        },
        stepResult: {
          create: [Function: mockConstructor] {
            _isMockFunction: true,
            getMockImplementation: [Function (anonymous)],
            mock: [Getter/Setter],
            mockClear: [Function (anonymous)],
            mockReset: [Function (anonymous)],
            mockRestore: [Function (anonymous)],
            mockReturnValueOnce: [Function (anonymous)],
            mockResolvedValueOnce: [Function (anonymous)],
            mockRejectedValueOnce: [Function (anonymous)],
            mockReturnValue: [Function (anonymous)],
            mockResolvedValue: [Function (anonymous)],
            mockRejectedValue: [Function (anonymous)],
            mockImplementationOnce: [Function (anonymous)],
            withImplementation: [Function: bound withImplementation],
            mockImplementation: [Function (anonymous)],
            mockReturnThis: [Function (anonymous)],
            mockName: [Function (anonymous)],
            getMockName: [Function (anonymous)]
          },
          updateMany: [Function: mockConstructor] {
            _isMockFunction: true,
            getMockImplementation: [Function (anonymous)],
            mock: [Getter/Setter],
            mockClear: [Function (anonymous)],
            mockReset: [Function (anonymous)],
            mockRestore: [Function (anonymous)],
            mockReturnValueOnce: [Function (anonymous)],
            mockResolvedValueOnce: [Function (anonymous)],
            mockRejectedValueOnce: [Function (anonymous)],
            mockReturnValue: [Function (anonymous)],
            mockResolvedValue: [Function (anonymous)],
            mockRejectedValue: [Function (anonymous)],
            mockImplementationOnce: [Function (anonymous)],
            withImplementation: [Function: bound withImplementation],
            mockImplementation: [Function (anonymous)],
            mockReturnThis: [Function (anonymous)],
            mockName: [Function (anonymous)],
            getMockName: [Function (anonymous)]
          }
        },
        testStep: {
          deleteMany: [Function: mockConstructor] {
            _isMockFunction: true,
            getMockImplementation: [Function (anonymous)],
            mock: [Getter/Setter],
            mockClear: [Function (anonymous)],
            mockReset: [Function (anonymous)],
            mockRestore: [Function (anonymous)],
            mockReturnValueOnce: [Function (anonymous)],
            mockResolvedValueOnce: [Function (anonymous)],
            mockRejectedValueOnce: [Function (anonymous)],
            mockReturnValue: [Function (anonymous)],
            mockResolvedValue: [Function (anonymous)],
            mockRejectedValue: [Function (anonymous)],
            mockImplementationOnce: [Function (anonymous)],
            withImplementation: [Function: bound withImplementation],
            mockImplementation: [Function (anonymous)],
            mockReturnThis: [Function (anonymous)],
            mockName: [Function (anonymous)],
            getMockName: [Function (anonymous)]
          },
          findMany: [Function: mockConstructor] {
            _isMockFunction: true,
            getMockImplementation: [Function (anonymous)],
            mock: [Getter/Setter],
            mockClear: [Function (anonymous)],
            mockReset: [Function (anonymous)],
            mockRestore: [Function (anonymous)],
            mockReturnValueOnce: [Function (anonymous)],
            mockResolvedValueOnce: [Function (anonymous)],
            mockRejectedValueOnce: [Function (anonymous)],
            mockReturnValue: [Function (anonymous)],
            mockResolvedValue: [Function (anonymous)],
            mockRejectedValue: [Function (anonymous)],
            mockImplementationOnce: [Function (anonymous)],
            withImplementation: [Function: bound withImplementation],
            mockImplementation: [Function (anonymous)],
            mockReturnThis: [Function (anonymous)],
            mockName: [Function (anonymous)],
            getMockName: [Function (anonymous)]
          },
          create: [Function: mockConstructor] {
            _isMockFunction: true,
            getMockImplementation: [Function (anonymous)],
            mock: [Getter/Setter],
            mockClear: [Function (anonymous)],
            mockReset: [Function (anonymous)],
            mockRestore: [Function (anonymous)],
            mockReturnValueOnce: [Function (anonymous)],
            mockResolvedValueOnce: [Function (anonymous)],
            mockRejectedValueOnce: [Function (anonymous)],
            mockReturnValue: [Function (anonymous)],
            mockResolvedValue: [Function (anonymous)],
            mockRejectedValue: [Function (anonymous)],
            mockImplementationOnce: [Function (anonymous)],
            withImplementation: [Function: bound withImplementation],
            mockImplementation: [Function (anonymous)],
            mockReturnThis: [Function (anonymous)],
            mockName: [Function (anonymous)],
            getMockName: [Function (anonymous)]
          }
        },
        qaseIntegration: {
          findUnique: [Function: mockConstructor] {
            _isMockFunction: true,
            getMockImplementation: [Function (anonymous)],
            mock: [Getter/Setter],
            mockClear: [Function (anonymous)],
            mockReset: [Function (anonymous)],
            mockRestore: [Function (anonymous)],
            mockReturnValueOnce: [Function (anonymous)],
            mockResolvedValueOnce: [Function (anonymous)],
            mockRejectedValueOnce: [Function (anonymous)],
            mockReturnValue: [Function (anonymous)],
            mockResolvedValue: [Function (anonymous)],
            mockRejectedValue: [Function (anonymous)],
            mockImplementationOnce: [Function (anonymous)],
            withImplementation: [Function: bound withImplementation],
            mockImplementation: [Function (anonymous)],
            mockReturnThis: [Function (anonymous)],
            mockName: [Function (anonymous)],
            getMockName: [Function (anonymous)]
          },
          create: [Function: mockConstructor] {
            _isMockFunction: true,
            getMockImplementation: [Function (anonymous)],
            mock: [Getter/Setter],
            mockClear: [Function (anonymous)],
            mockReset: [Function (anonymous)],
            mockRestore: [Function (anonymous)],
            mockReturnValueOnce: [Function (anonymous)],
            mockResolvedValueOnce: [Function (anonymous)],
            mockRejectedValueOnce: [Function (anonymous)],
            mockReturnValue: [Function (anonymous)],
            mockResolvedValue: [Function (anonymous)],
            mockRejectedValue: [Function (anonymous)],
            mockImplementationOnce: [Function (anonymous)],
            withImplementation: [Function: bound withImplementation],
            mockImplementation: [Function (anonymous)],
            mockReturnThis: [Function (anonymous)],
            mockName: [Function (anonymous)],
            getMockName: [Function (anonymous)]
          },
          update: [Function: mockConstructor] {
            _isMockFunction: true,
            getMockImplementation: [Function (anonymous)],
            mock: [Getter/Setter],
            mockClear: [Function (anonymous)],
            mockReset: [Function (anonymous)],
            mockRestore: [Function (anonymous)],
            mockReturnValueOnce: [Function (anonymous)],
            mockResolvedValueOnce: [Function (anonymous)],
            mockRejectedValueOnce: [Function (anonymous)],
            mockReturnValue: [Function (anonymous)],
            mockResolvedValue: [Function (anonymous)],
            mockRejectedValue: [Function (anonymous)],
            mockImplementationOnce: [Function (anonymous)],
            withImplementation: [Function: bound withImplementation],
            mockImplementation: [Function (anonymous)],
            mockReturnThis: [Function (anonymous)],
            mockName: [Function (anonymous)],
            getMockName: [Function (anonymous)]
          },
          deleteMany: [Function: mockConstructor] {
            _isMockFunction: true,
            getMockImplementation: [Function (anonymous)],
            mock: [Getter/Setter],
            mockClear: [Function (anonymous)],
            mockReset: [Function (anonymous)],
            mockRestore: [Function (anonymous)],
            mockReturnValueOnce: [Function (anonymous)],
            mockResolvedValueOnce: [Function (anonymous)],
            mockRejectedValueOnce: [Function (anonymous)],
            mockReturnValue: [Function (anonymous)],
            mockResolvedValue: [Function (anonymous)],
            mockRejectedValue: [Function (anonymous)],
            mockImplementationOnce: [Function (anonymous)],
            withImplementation: [Function: bound withImplementation],
            mockImplementation: [Function (anonymous)],
            mockReturnThis: [Function (anonymous)],
            mockName: [Function (anonymous)],
            getMockName: [Function (anonymous)]
          }
        },
        qaseTestCase: {
          createMany: [Function: mockConstructor] {
            _isMockFunction: true,
            getMockImplementation: [Function (anonymous)],
            mock: [Getter/Setter],
            mockClear: [Function (anonymous)],
            mockReset: [Function (anonymous)],
            mockRestore: [Function (anonymous)],
            mockReturnValueOnce: [Function (anonymous)],
            mockResolvedValueOnce: [Function (anonymous)],
            mockRejectedValueOnce: [Function (anonymous)],
            mockReturnValue: [Function (anonymous)],
            mockResolvedValue: [Function (anonymous)],
            mockRejectedValue: [Function (anonymous)],
            mockImplementationOnce: [Function (anonymous)],
            withImplementation: [Function: bound withImplementation],
            mockImplementation: [Function (anonymous)],
            mockReturnThis: [Function (anonymous)],
            mockName: [Function (anonymous)],
            getMockName: [Function (anonymous)]
          },
          deleteMany: [Function: mockConstructor] {
            _isMockFunction: true,
            getMockImplementation: [Function (anonymous)],
            mock: [Getter/Setter],
            mockClear: [Function (anonymous)],
            mockReset: [Function (anonymous)],
            mockRestore: [Function (anonymous)],
            mockReturnValueOnce: [Function (anonymous)],
            mockResolvedValueOnce: [Function (anonymous)],
            mockRejectedValueOnce: [Function (anonymous)],
            mockReturnValue: [Function (anonymous)],
            mockResolvedValue: [Function (anonymous)],
            mockRejectedValue: [Function (anonymous)],
            mockImplementationOnce: [Function (anonymous)],
            withImplementation: [Function: bound withImplementation],
            mockImplementation: [Function (anonymous)],
            mockReturnThis: [Function (anonymous)],
            mockName: [Function (anonymous)],
            getMockName: [Function (anonymous)]
          },
          findMany: [Function: mockConstructor] {
            _isMockFunction: true,
            getMockImplementation: [Function (anonymous)],
            mock: [Getter/Setter],
            mockClear: [Function (anonymous)],
            mockReset: [Function (anonymous)],
            mockRestore: [Function (anonymous)],
            mockReturnValueOnce: [Function (anonymous)],
            mockResolvedValueOnce: [Function (anonymous)],
            mockRejectedValueOnce: [Function (anonymous)],
            mockReturnValue: [Function (anonymous)],
            mockResolvedValue: [Function (anonymous)],
            mockRejectedValue: [Function (anonymous)],
            mockImplementationOnce: [Function (anonymous)],
            withImplementation: [Function: bound withImplementation],
            mockImplementation: [Function (anonymous)],
            mockReturnThis: [Function (anonymous)],
            mockName: [Function (anonymous)],
            getMockName: [Function (anonymous)]
          },
          count: [Function: mockConstructor] {
            _isMockFunction: true,
            getMockImplementation: [Function (anonymous)],
            mock: [Getter/Setter],
            mockClear: [Function (anonymous)],
            mockReset: [Function (anonymous)],
            mockRestore: [Function (anonymous)],
            mockReturnValueOnce: [Function (anonymous)],
            mockResolvedValueOnce: [Function (anonymous)],
            mockRejectedValueOnce: [Function (anonymous)],
            mockReturnValue: [Function (anonymous)],
            mockResolvedValue: [Function (anonymous)],
            mockRejectedValue: [Function (anonymous)],
            mockImplementationOnce: [Function (anonymous)],
            withImplementation: [Function: bound withImplementation],
            mockImplementation: [Function (anonymous)],
            mockReturnThis: [Function (anonymous)],
            mockName: [Function (anonymous)],
            getMockName: [Function (anonymous)]
          },
          upsert: [Function: mockConstructor] {
            _isMockFunction: true,
            getMockImplementation: [Function (anonymous)],
            mock: [Getter/Setter],
            mockClear: [Function (anonymous)],
            mockReset: [Function (anonymous)],
            mockRestore: [Function (anonymous)],
            mockReturnValueOnce: [Function (anonymous)],
            mockResolvedValueOnce: [Function (anonymous)],
            mockRejectedValueOnce: [Function (anonymous)],
            mockReturnValue: [Function (anonymous)],
            mockResolvedValue: [Function (anonymous)],
            mockRejectedValue: [Function (anonymous)],
            mockImplementationOnce: [Function (anonymous)],
            withImplementation: [Function: bound withImplementation],
            mockImplementation: [Function (anonymous)],
            mockReturnThis: [Function (anonymous)],
            mockName: [Function (anonymous)],
            getMockName: [Function (anonymous)]
          }
        },
        user: {
          create: [Function: mockConstructor] {
            _isMockFunction: true,
            getMockImplementation: [Function (anonymous)],
            mock: [Getter/Setter],
            mockClear: [Function (anonymous)],
            mockReset: [Function (anonymous)],
            mockRestore: [Function (anonymous)],
            mockReturnValueOnce: [Function (anonymous)],
            mockResolvedValueOnce: [Function (anonymous)],
            mockRejectedValueOnce: [Function (anonymous)],
            mockReturnValue: [Function (anonymous)],
            mockResolvedValue: [Function (anonymous)],
            mockRejectedValue: [Function (anonymous)],
            mockImplementationOnce: [Function (anonymous)],
            withImplementation: [Function: bound withImplementation],
            mockImplementation: [Function (anonymous)],
            mockReturnThis: [Function (anonymous)],
            mockName: [Function (anonymous)],
            getMockName: [Function (anonymous)]
          },
          findUnique: [Function: mockConstructor] {
            _isMockFunction: true,
            getMockImplementation: [Function (anonymous)],
            mock: [Getter/Setter],
            mockClear: [Function (anonymous)],
            mockReset: [Function (anonymous)],
            mockRestore: [Function (anonymous)],
            mockReturnValueOnce: [Function (anonymous)],
            mockResolvedValueOnce: [Function (anonymous)],
            mockRejectedValueOnce: [Function (anonymous)],
            mockReturnValue: [Function (anonymous)],
            mockResolvedValue: [Function (anonymous)],
            mockRejectedValue: [Function (anonymous)],
            mockImplementationOnce: [Function (anonymous)],
            withImplementation: [Function: bound withImplementation],
            mockImplementation: [Function (anonymous)],
            mockReturnThis: [Function (anonymous)],
            mockName: [Function (anonymous)],
            getMockName: [Function (anonymous)]
          },
          findMany: [Function: mockConstructor] {
            _isMockFunction: true,
            getMockImplementation: [Function (anonymous)],
            mock: [Getter/Setter],
            mockClear: [Function (anonymous)],
            mockReset: [Function (anonymous)],
            mockRestore: [Function (anonymous)],
            mockReturnValueOnce: [Function (anonymous)],
            mockResolvedValueOnce: [Function (anonymous)],
            mockRejectedValueOnce: [Function (anonymous)],
            mockReturnValue: [Function (anonymous)],
            mockResolvedValue: [Function (anonymous)],
            mockRejectedValue: [Function (anonymous)],
            mockImplementationOnce: [Function (anonymous)],
            withImplementation: [Function: bound withImplementation],
            mockImplementation: [Function (anonymous)],
            mockReturnThis: [Function (anonymous)],
            mockName: [Function (anonymous)],
            getMockName: [Function (anonymous)]
          },
          update: [Function: mockConstructor] {
            _isMockFunction: true,
            getMockImplementation: [Function (anonymous)],
            mock: [Getter/Setter],
            mockClear: [Function (anonymous)],
            mockReset: [Function (anonymous)],
            mockRestore: [Function (anonymous)],
            mockReturnValueOnce: [Function (anonymous)],
            mockResolvedValueOnce: [Function (anonymous)],
            mockRejectedValueOnce: [Function (anonymous)],
            mockReturnValue: [Function (anonymous)],
            mockResolvedValue: [Function (anonymous)],
            mockRejectedValue: [Function (anonymous)],
            mockImplementationOnce: [Function (anonymous)],
            withImplementation: [Function: bound withImplementation],
            mockImplementation: [Function (anonymous)],
            mockReturnThis: [Function (anonymous)],
            mockName: [Function (anonymous)],
            getMockName: [Function (anonymous)]
          },
          delete: [Function: mockConstructor] {
            _isMockFunction: true,
            getMockImplementation: [Function (anonymous)],
            mock: [Getter/Setter],
            mockClear: [Function (anonymous)],
            mockReset: [Function (anonymous)],
            mockRestore: [Function (anonymous)],
            mockReturnValueOnce: [Function (anonymous)],
            mockResolvedValueOnce: [Function (anonymous)],
            mockRejectedValueOnce: [Function (anonymous)],
            mockReturnValue: [Function (anonymous)],
            mockResolvedValue: [Function (anonymous)],
            mockRejectedValue: [Function (anonymous)],
            mockImplementationOnce: [Function (anonymous)],
            withImplementation: [Function: bound withImplementation],
            mockImplementation: [Function (anonymous)],
            mockReturnThis: [Function (anonymous)],
            mockName: [Function (anonymous)],
            getMockName: [Function (anonymous)]
          },
          count: [Function: mockConstructor] {
            _isMockFunction: true,
            getMockImplementation: [Function (anonymous)],
            mock: [Getter/Setter],
            mockClear: [Function (anonymous)],
            mockReset: [Function (anonymous)],
            mockRestore: [Function (anonymous)],
            mockReturnValueOnce: [Function (anonymous)],
            mockResolvedValueOnce: [Function (anonymous)],
            mockRejectedValueOnce: [Function (anonymous)],
            mockReturnValue: [Function (anonymous)],
            mockResolvedValue: [Function (anonymous)],
            mockRejectedValue: [Function (anonymous)],
            mockImplementationOnce: [Function (anonymous)],
            withImplementation: [Function: bound withImplementation],
            mockImplementation: [Function (anonymous)],
            mockReturnThis: [Function (anonymous)],
            mockName: [Function (anonymous)],
            getMockName: [Function (anonymous)]
          }
        }
      }

      at Object.log (src/services/__tests__/debug-mock.test.js:9:13)

    console.log
      prisma.scenario: {
        create: [Function: mockConstructor] {
          _isMockFunction: true,
          getMockImplementation: [Function (anonymous)],
          mock: [Getter/Setter],
          mockClear: [Function (anonymous)],
          mockReset: [Function (anonymous)],
          mockRestore: [Function (anonymous)],
          mockReturnValueOnce: [Function (anonymous)],
          mockResolvedValueOnce: [Function (anonymous)],
          mockRejectedValueOnce: [Function (anonymous)],
          mockReturnValue: [Function (anonymous)],
          mockResolvedValue: [Function (anonymous)],
          mockRejectedValue: [Function (anonymous)],
          mockImplementationOnce: [Function (anonymous)],
          withImplementation: [Function: bound withImplementation],
          mockImplementation: [Function (anonymous)],
          mockReturnThis: [Function (anonymous)],
          mockName: [Function (anonymous)],
          getMockName: [Function (anonymous)]
        },
        findMany: [Function: mockConstructor] {
          _isMockFunction: true,
          getMockImplementation: [Function (anonymous)],
          mock: [Getter/Setter],
          mockClear: [Function (anonymous)],
          mockReset: [Function (anonymous)],
          mockRestore: [Function (anonymous)],
          mockReturnValueOnce: [Function (anonymous)],
          mockResolvedValueOnce: [Function (anonymous)],
          mockRejectedValueOnce: [Function (anonymous)],
          mockReturnValue: [Function (anonymous)],
          mockResolvedValue: [Function (anonymous)],
          mockRejectedValue: [Function (anonymous)],
          mockImplementationOnce: [Function (anonymous)],
          withImplementation: [Function: bound withImplementation],
          mockImplementation: [Function (anonymous)],
          mockReturnThis: [Function (anonymous)],
          mockName: [Function (anonymous)],
          getMockName: [Function (anonymous)]
        },
        findUnique: [Function: mockConstructor] {
          _isMockFunction: true,
          getMockImplementation: [Function (anonymous)],
          mock: [Getter/Setter],
          mockClear: [Function (anonymous)],
          mockReset: [Function (anonymous)],
          mockRestore: [Function (anonymous)],
          mockReturnValueOnce: [Function (anonymous)],
          mockResolvedValueOnce: [Function (anonymous)],
          mockRejectedValueOnce: [Function (anonymous)],
          mockReturnValue: [Function (anonymous)],
          mockResolvedValue: [Function (anonymous)],
          mockRejectedValue: [Function (anonymous)],
          mockImplementationOnce: [Function (anonymous)],
          withImplementation: [Function: bound withImplementation],
          mockImplementation: [Function (anonymous)],
          mockReturnThis: [Function (anonymous)],
          mockName: [Function (anonymous)],
          getMockName: [Function (anonymous)]
        },
        findFirst: [Function: mockConstructor] {
          _isMockFunction: true,
          getMockImplementation: [Function (anonymous)],
          mock: [Getter/Setter],
          mockClear: [Function (anonymous)],
          mockReset: [Function (anonymous)],
          mockRestore: [Function (anonymous)],
          mockReturnValueOnce: [Function (anonymous)],
          mockResolvedValueOnce: [Function (anonymous)],
          mockRejectedValueOnce: [Function (anonymous)],
          mockReturnValue: [Function (anonymous)],
          mockResolvedValue: [Function (anonymous)],
          mockRejectedValue: [Function (anonymous)],
          mockImplementationOnce: [Function (anonymous)],
          withImplementation: [Function: bound withImplementation],
          mockImplementation: [Function (anonymous)],
          mockReturnThis: [Function (anonymous)],
          mockName: [Function (anonymous)],
          getMockName: [Function (anonymous)]
        },
        update: [Function: mockConstructor] {
          _isMockFunction: true,
          getMockImplementation: [Function (anonymous)],
          mock: [Getter/Setter],
          mockClear: [Function (anonymous)],
          mockReset: [Function (anonymous)],
          mockRestore: [Function (anonymous)],
          mockReturnValueOnce: [Function (anonymous)],
          mockResolvedValueOnce: [Function (anonymous)],
          mockRejectedValueOnce: [Function (anonymous)],
          mockReturnValue: [Function (anonymous)],
          mockResolvedValue: [Function (anonymous)],
          mockRejectedValue: [Function (anonymous)],
          mockImplementationOnce: [Function (anonymous)],
          withImplementation: [Function: bound withImplementation],
          mockImplementation: [Function (anonymous)],
          mockReturnThis: [Function (anonymous)],
          mockName: [Function (anonymous)],
          getMockName: [Function (anonymous)]
        },
        delete: [Function: mockConstructor] {
          _isMockFunction: true,
          getMockImplementation: [Function (anonymous)],
          mock: [Getter/Setter],
          mockClear: [Function (anonymous)],
          mockReset: [Function (anonymous)],
          mockRestore: [Function (anonymous)],
          mockReturnValueOnce: [Function (anonymous)],
          mockResolvedValueOnce: [Function (anonymous)],
          mockRejectedValueOnce: [Function (anonymous)],
          mockReturnValue: [Function (anonymous)],
          mockResolvedValue: [Function (anonymous)],
          mockRejectedValue: [Function (anonymous)],
          mockImplementationOnce: [Function (anonymous)],
          withImplementation: [Function: bound withImplementation],
          mockImplementation: [Function (anonymous)],
          mockReturnThis: [Function (anonymous)],
          mockName: [Function (anonymous)],
          getMockName: [Function (anonymous)]
        },
        count: [Function: mockConstructor] {
          _isMockFunction: true,
          getMockImplementation: [Function (anonymous)],
          mock: [Getter/Setter],
          mockClear: [Function (anonymous)],
          mockReset: [Function (anonymous)],
          mockRestore: [Function (anonymous)],
          mockReturnValueOnce: [Function (anonymous)],
          mockResolvedValueOnce: [Function (anonymous)],
          mockRejectedValueOnce: [Function (anonymous)],
          mockReturnValue: [Function (anonymous)],
          mockResolvedValue: [Function (anonymous)],
          mockRejectedValue: [Function (anonymous)],
          mockImplementationOnce: [Function (anonymous)],
          withImplementation: [Function: bound withImplementation],
          mockImplementation: [Function (anonymous)],
          mockReturnThis: [Function (anonymous)],
          mockName: [Function (anonymous)],
          getMockName: [Function (anonymous)]
        }
      }

      at Object.log (src/services/__tests__/debug-mock.test.js:10:13)

    console.log
      prisma.scenario.create: [Function: mockConstructor] {
        _isMockFunction: true,
        getMockImplementation: [Function (anonymous)],
        mock: [Getter/Setter],
        mockClear: [Function (anonymous)],
        mockReset: [Function (anonymous)],
        mockRestore: [Function (anonymous)],
        mockReturnValueOnce: [Function (anonymous)],
        mockResolvedValueOnce: [Function (anonymous)],
        mockRejectedValueOnce: [Function (anonymous)],
        mockReturnValue: [Function (anonymous)],
        mockResolvedValue: [Function (anonymous)],
        mockRejectedValue: [Function (anonymous)],
        mockImplementationOnce: [Function (anonymous)],
        withImplementation: [Function: bound withImplementation],
        mockImplementation: [Function (anonymous)],
        mockReturnThis: [Function (anonymous)],
        mockName: [Function (anonymous)],
        getMockName: [Function (anonymous)]
      }

      at Object.log (src/services/__tests__/debug-mock.test.js:23:13)

    console.log
      Result: { id: 'test-id', name: 'Test Scenario' }

      at log (src/services/__tests__/debug-mock.test.js:36:13)

    console.log
      Service result: {
        id: 'test-id',
        name: 'Test Scenario',
        description: 'A test',
        url: 'https://example.com',
        userId: 'user-123',
        steps: 0,
        createdAt: 2026-03-12T02:49:33.798Z,
        updatedAt: 2026-03-12T02:49:33.798Z
      }

      at log (src/services/__tests__/debug-mock.test.js:62:13)

PASS src/services/__tests__/qaseService.comprehensive.test.js
PASS src/middleware/__tests__/auth.test.js
  ΓùÅ Console

    console.error
      Error: Invalid token

    [0m [90m 46 |[39m [90m */[39m
     [90m 47 |[39m [36mexport[39m [36mfunction[39m 
errorHandler(err[33m,[39m req[33m,[39m res[33m,[39m next) {
    [31m[1m>[22m[39m[90m 48 |[39m   
console[33m.[39merror([32m'Error:'[39m[33m,[39m err[33m.[39mmessage)
     [90m    |[39m           [31m[1m^[22m[39m
     [90m 49 |[39m
     [90m 50 |[39m   [36mif[39m (err[33m.[39mname [33m===[39m 
[32m'JsonWebTokenError'[39m) {
     [90m 51 |[39m     [36mreturn[39m 
res[33m.[39mstatus([35m401[39m)[33m.[39mjson({[0m

      at error (src/middleware/auth.js:48:11)
      at Object.<anonymous> (src/middleware/__tests__/auth.test.js:125:19)

    console.error
      Error: Expired

    [0m [90m 46 |[39m [90m */[39m
     [90m 47 |[39m [36mexport[39m [36mfunction[39m 
errorHandler(err[33m,[39m req[33m,[39m res[33m,[39m next) {
    [31m[1m>[22m[39m[90m 48 |[39m   
console[33m.[39merror([32m'Error:'[39m[33m,[39m err[33m.[39mmessage)
     [90m    |[39m           [31m[1m^[22m[39m
     [90m 49 |[39m
     [90m 50 |[39m   [36mif[39m (err[33m.[39mname [33m===[39m 
[32m'JsonWebTokenError'[39m) {
     [90m 51 |[39m     [36mreturn[39m 
res[33m.[39mstatus([35m401[39m)[33m.[39mjson({[0m

      at error (src/middleware/auth.js:48:11)
      at Object.<anonymous> (src/middleware/__tests__/auth.test.js:136:19)

    console.error
      Error: Custom error

    [0m [90m 46 |[39m [90m */[39m
     [90m 47 |[39m [36mexport[39m [36mfunction[39m 
errorHandler(err[33m,[39m req[33m,[39m res[33m,[39m next) {
    [31m[1m>[22m[39m[90m 48 |[39m   
console[33m.[39merror([32m'Error:'[39m[33m,[39m err[33m.[39mmessage)
     [90m    |[39m           [31m[1m^[22m[39m
     [90m 49 |[39m
     [90m 50 |[39m   [36mif[39m (err[33m.[39mname [33m===[39m 
[32m'JsonWebTokenError'[39m) {
     [90m 51 |[39m     [36mreturn[39m 
res[33m.[39mstatus([35m401[39m)[33m.[39mjson({[0m

      at error (src/middleware/auth.js:48:11)
      at Object.<anonymous> (src/middleware/__tests__/auth.test.js:147:19)

    console.error
      Error: Unknown error

    [0m [90m 46 |[39m [90m */[39m
     [90m 47 |[39m [36mexport[39m [36mfunction[39m 
errorHandler(err[33m,[39m req[33m,[39m res[33m,[39m next) {
    [31m[1m>[22m[39m[90m 48 |[39m   
console[33m.[39merror([32m'Error:'[39m[33m,[39m err[33m.[39mmessage)
     [90m    |[39m           [31m[1m^[22m[39m
     [90m 49 |[39m
     [90m 50 |[39m   [36mif[39m (err[33m.[39mname [33m===[39m 
[32m'JsonWebTokenError'[39m) {
     [90m 51 |[39m     [36mreturn[39m 
res[33m.[39mstatus([35m401[39m)[33m.[39mjson({[0m

      at error (src/middleware/auth.js:48:11)
      at Object.<anonymous> (src/middleware/__tests__/auth.test.js:155:19)

    console.error
      Error: Test error

    [0m [90m 46 |[39m [90m */[39m
     [90m 47 |[39m [36mexport[39m [36mfunction[39m 
errorHandler(err[33m,[39m req[33m,[39m res[33m,[39m next) {
    [31m[1m>[22m[39m[90m 48 |[39m   
console[33m.[39merror([32m'Error:'[39m[33m,[39m err[33m.[39mmessage)
     [90m    |[39m           [31m[1m^[22m[39m
     [90m 49 |[39m
     [90m 50 |[39m   [36mif[39m (err[33m.[39mname [33m===[39m 
[32m'JsonWebTokenError'[39m) {
     [90m 51 |[39m     [36mreturn[39m 
res[33m.[39mstatus([35m401[39m)[33m.[39mjson({[0m

      at error (src/middleware/auth.js:48:11)
      at Object.<anonymous> (src/middleware/__tests__/auth.test.js:163:19)

PASS src/utils/__tests__/jwt.test.js
PASS src/services/__tests__/executionService.comprehensive.test.js
PASS src/controllers/__tests__/executionController.test.js
  ΓùÅ Console

    console.error
      Execution error: Error: Scenario not found
          at D:\myfolder\myproject\testingndri\backend\src\controllers\__tests_
_\executionController.test.js:75:9
          at Generator.call (D:\myfolder\myproject\testingndri\backend\src\cont
rollers\__tests__\executionController.test.js:2:1)
          at Generator._invoke [as next] (D:\myfolder\myproject\testingndri\bac
kend\src\controllers\__tests__\executionController.test.js:2:1)
          at asyncGeneratorStep (D:\myfolder\myproject\testingndri\backend\src\
controllers\__tests__\executionController.test.js:2:1)
          at asyncGeneratorStep (D:\myfolder\myproject\testingndri\backend\src\
controllers\__tests__\executionController.test.js:2:1)
          at _next (D:\myfolder\myproject\testingndri\backend\src\controllers\_
_tests__\executionController.test.js:2:1)
          at new Promise (<anonymous>)
          at Object.<anonymous> (D:\myfolder\myproject\testingndri\backend\src\
controllers\__tests__\executionController.test.js:2:1)
          at Promise.then.completed (D:\myfolder\myproject\testingndri\node_mod
ules\jest-circus\build\utils.js:298:28)
          at new Promise (<anonymous>)
          at callAsyncCircusFn (D:\myfolder\myproject\testingndri\node_modules\
jest-circus\build\utils.js:231:10)
          at _callCircusTest (D:\myfolder\myproject\testingndri\node_modules\je
st-circus\build\run.js:316:40)
          at processTicksAndRejections 
(node:internal/process/task_queues:105:5)
          at _runTest 
(D:\myfolder\myproject\testingndri\node_modules\jest-circus\build\run.js:252:3)
          at _runTestsForDescribeBlock 
(D:\myfolder\myproject\testingndri\node_modules\jest-circus\build\run.js:126:9)
          at _runTestsForDescribeBlock 
(D:\myfolder\myproject\testingndri\node_modules\jest-circus\build\run.js:121:9)
          at _runTestsForDescribeBlock 
(D:\myfolder\myproject\testingndri\node_modules\jest-circus\build\run.js:121:9)
          at run 
(D:\myfolder\myproject\testingndri\node_modules\jest-circus\build\run.js:71:3)
          at runAndTransformResultsToJestFormat (D:\myfolder\myproject\testingn
dri\node_modules\jest-circus\build\legacy-code-todo-rewrite\jestAdapterInit.js:
122:21)
          at jestAdapter (D:\myfolder\myproject\testingndri\node_modules\jest-c
ircus\build\legacy-code-todo-rewrite\jestAdapter.js:79:19)
          at runTestInternal (D:\myfolder\myproject\testingndri\node_modules\je
st-runner\build\runTest.js:367:16)
          at runTest (D:\myfolder\myproject\testingndri\node_modules\jest-runne
r\build\runTest.js:444:34)
          at Object.worker (D:\myfolder\myproject\testingndri\node_modules\jest
-runner\build\testWorker.js:106:12)

    [0m [90m 28 |[39m       })
     [90m 29 |[39m     } [36mcatch[39m (error) {
    [31m[1m>[22m[39m[90m 30 |[39m       
console[33m.[39merror([32m'Execution error:'[39m[33m,[39m error)
     [90m    |[39m               [31m[1m^[22m[39m
     [90m 31 |[39m       res[33m.[39mstatus([35m400[39m)[33m.[39mjson({
     [90m 32 |[39m         success[33m:[39m [36mfalse[39m[33m,[39m
     [90m 33 |[39m         message[33m:[39m error[33m.[39mmessage 
[33m||[39m [32m'Execution failed'[39m[0m

      at error (src/controllers/executionController.js:30:15)
      at Generator.call (src/controllers/executionController.js:2:1)
      at Generator._invoke [as throw] 
(src/controllers/executionController.js:2:1)
      at asyncGeneratorStep (src/controllers/executionController.js:2:1)
      at asyncGeneratorStep (src/controllers/executionController.js:2:1)

    console.error
      Error fetching execution history: Error: Database error
          at D:\myfolder\myproject\testingndri\backend\src\controllers\__tests_
_\executionController.test.js:154:9
          at Generator.call (D:\myfolder\myproject\testingndri\backend\src\cont
rollers\__tests__\executionController.test.js:2:1)
          at Generator._invoke [as next] (D:\myfolder\myproject\testingndri\bac
kend\src\controllers\__tests__\executionController.test.js:2:1)
          at asyncGeneratorStep (D:\myfolder\myproject\testingndri\backend\src\
controllers\__tests__\executionController.test.js:2:1)
          at asyncGeneratorStep (D:\myfolder\myproject\testingndri\backend\src\
controllers\__tests__\executionController.test.js:2:1)
          at _next (D:\myfolder\myproject\testingndri\backend\src\controllers\_
_tests__\executionController.test.js:2:1)
          at new Promise (<anonymous>)
          at Object.<anonymous> (D:\myfolder\myproject\testingndri\backend\src\
controllers\__tests__\executionController.test.js:2:1)
          at Promise.then.completed (D:\myfolder\myproject\testingndri\node_mod
ules\jest-circus\build\utils.js:298:28)
          at new Promise (<anonymous>)
          at callAsyncCircusFn (D:\myfolder\myproject\testingndri\node_modules\
jest-circus\build\utils.js:231:10)
          at _callCircusTest (D:\myfolder\myproject\testingndri\node_modules\je
st-circus\build\run.js:316:40)
          at processTicksAndRejections 
(node:internal/process/task_queues:105:5)
          at _runTest 
(D:\myfolder\myproject\testingndri\node_modules\jest-circus\build\run.js:252:3)
          at _runTestsForDescribeBlock 
(D:\myfolder\myproject\testingndri\node_modules\jest-circus\build\run.js:126:9)
          at _runTestsForDescribeBlock 
(D:\myfolder\myproject\testingndri\node_modules\jest-circus\build\run.js:121:9)
          at _runTestsForDescribeBlock 
(D:\myfolder\myproject\testingndri\node_modules\jest-circus\build\run.js:121:9)
          at run 
(D:\myfolder\myproject\testingndri\node_modules\jest-circus\build\run.js:71:3)
          at runAndTransformResultsToJestFormat (D:\myfolder\myproject\testingn
dri\node_modules\jest-circus\build\legacy-code-todo-rewrite\jestAdapterInit.js:
122:21)
          at jestAdapter (D:\myfolder\myproject\testingndri\node_modules\jest-c
ircus\build\legacy-code-todo-rewrite\jestAdapter.js:79:19)
          at runTestInternal (D:\myfolder\myproject\testingndri\node_modules\je
st-runner\build\runTest.js:367:16)
          at runTest (D:\myfolder\myproject\testingndri\node_modules\jest-runne
r\build\runTest.js:444:34)
          at Object.worker (D:\myfolder\myproject\testingndri\node_modules\jest
-runner\build\testWorker.js:106:12)

    [0m [90m 57 |[39m       })
     [90m 58 |[39m     } [36mcatch[39m (error) {
    [31m[1m>[22m[39m[90m 59 |[39m       
console[33m.[39merror([32m'Error fetching execution 
history:'[39m[33m,[39m error)
     [90m    |[39m               [31m[1m^[22m[39m
     [90m 60 |[39m       res[33m.[39mstatus([35m400[39m)[33m.[39mjson({
     [90m 61 |[39m         success[33m:[39m [36mfalse[39m[33m,[39m
     [90m 62 |[39m         message[33m:[39m error[33m.[39mmessage[0m

      at error (src/controllers/executionController.js:59:15)
      at Generator.call (src/controllers/executionController.js:2:1)
      at Generator._invoke [as throw] 
(src/controllers/executionController.js:2:1)
      at asyncGeneratorStep (src/controllers/executionController.js:2:1)
      at asyncGeneratorStep (src/controllers/executionController.js:2:1)

    console.error
      Error cancelling execution: Error: Cannot cancel completed execution
          at D:\myfolder\myproject\testingndri\backend\src\controllers\__tests_
_\executionController.test.js:243:9
          at Generator.call (D:\myfolder\myproject\testingndri\backend\src\cont
rollers\__tests__\executionController.test.js:2:1)
          at Generator._invoke [as next] (D:\myfolder\myproject\testingndri\bac
kend\src\controllers\__tests__\executionController.test.js:2:1)
          at asyncGeneratorStep (D:\myfolder\myproject\testingndri\backend\src\
controllers\__tests__\executionController.test.js:2:1)
          at asyncGeneratorStep (D:\myfolder\myproject\testingndri\backend\src\
controllers\__tests__\executionController.test.js:2:1)
          at _next (D:\myfolder\myproject\testingndri\backend\src\controllers\_
_tests__\executionController.test.js:2:1)
          at new Promise (<anonymous>)
          at Object.<anonymous> (D:\myfolder\myproject\testingndri\backend\src\
controllers\__tests__\executionController.test.js:2:1)
          at Promise.then.completed (D:\myfolder\myproject\testingndri\node_mod
ules\jest-circus\build\utils.js:298:28)
          at new Promise (<anonymous>)
          at callAsyncCircusFn (D:\myfolder\myproject\testingndri\node_modules\
jest-circus\build\utils.js:231:10)
          at _callCircusTest (D:\myfolder\myproject\testingndri\node_modules\je
st-circus\build\run.js:316:40)
          at processTicksAndRejections 
(node:internal/process/task_queues:105:5)
          at _runTest 
(D:\myfolder\myproject\testingndri\node_modules\jest-circus\build\run.js:252:3)
          at _runTestsForDescribeBlock 
(D:\myfolder\myproject\testingndri\node_modules\jest-circus\build\run.js:126:9)
          at _runTestsForDescribeBlock 
(D:\myfolder\myproject\testingndri\node_modules\jest-circus\build\run.js:121:9)
          at _runTestsForDescribeBlock 
(D:\myfolder\myproject\testingndri\node_modules\jest-circus\build\run.js:121:9)
          at run 
(D:\myfolder\myproject\testingndri\node_modules\jest-circus\build\run.js:71:3)
          at runAndTransformResultsToJestFormat (D:\myfolder\myproject\testingn
dri\node_modules\jest-circus\build\legacy-code-todo-rewrite\jestAdapterInit.js:
122:21)
          at jestAdapter (D:\myfolder\myproject\testingndri\node_modules\jest-c
ircus\build\legacy-code-todo-rewrite\jestAdapter.js:79:19)
          at runTestInternal (D:\myfolder\myproject\testingndri\node_modules\je
st-runner\build\runTest.js:367:16)
          at runTest (D:\myfolder\myproject\testingndri\node_modules\jest-runne
r\build\runTest.js:444:34)
          at Object.worker (D:\myfolder\myproject\testingndri\node_modules\jest
-runner\build\testWorker.js:106:12)

    [0m [90m 116 |[39m       })
     [90m 117 |[39m     } [36mcatch[39m (error) {
    [31m[1m>[22m[39m[90m 118 |[39m       
console[33m.[39merror([32m'Error cancelling execution:'[39m[33m,[39m 
error)
     [90m     |[39m               [31m[1m^[22m[39m
     [90m 119 |[39m       
res[33m.[39mstatus([35m400[39m)[33m.[39mjson({
     [90m 120 |[39m         success[33m:[39m [36mfalse[39m[33m,[39m
     [90m 121 |[39m         message[33m:[39m error[33m.[39mmessage[0m

      at error (src/controllers/executionController.js:118:15)
      at Generator.call (src/controllers/executionController.js:2:1)
      at Generator._invoke [as throw] 
(src/controllers/executionController.js:2:1)
      at asyncGeneratorStep (src/controllers/executionController.js:2:1)
      at asyncGeneratorStep (src/controllers/executionController.js:2:1)

PASS src/controllers/__tests__/authController.test.js
PASS src/utils/__tests__/password.test.js
PASS src/services/__tests__/basic-setup.test.js
PASS src/services/__tests__/scenarioService.test.js
PASS src/utils/__tests__/errorHandler.test.js
PASS src/controllers/__tests__/scenarioController.test.js
Jest: "global" coverage threshold for statements (30%) not met: 18.23%
Jest: "global" coverage threshold for branches (30%) not met: 23.33%
Jest: "global" coverage threshold for lines (30%) not met: 18.16%
Jest: "global" coverage threshold for functions (30%) not met: 21.01%

Test Suites: 12 passed, 12 total
Tests:       139 passed, 139 total
Snapshots:   0 total
Time:        9.286 s
Ran all test suites.
Test results written to: test-results.json
npm error Lifecycle script `test` failed with error:
npm error code 1
npm error path D:\myfolder\myproject\testingndri\backend
npm error workspace testingndrih-backend@1.0.0
npm error location D:\myfolder\myproject\testingndri\backend
npm error command failed
npm error command C:\WINDOWS\system32\cmd.exe /d /s /c jest --coverage --json 
--outputFile=test-results.json
