
> testingndrih-backend@2.0.0 test
> jest --coverage --json --outputFile=test-results.json

PASS src/services/__tests__/testStepService.test.js
PASS src/middleware/__tests__/auth.test.js
  ΓùÅ Console

    console.error
      Error: Invalid token

      46 |  */
      47 | export function errorHandler(err, req, res, next) {
    > 48 |   console.error('Error:', err.message)
         |           ^
      49 |
      50 |   if (err.name === 'JsonWebTokenError') {
      51 |     return res.status(401).json({

      at error (src/middleware/auth.js:48:11)
      at Object.<anonymous> (src/middleware/__tests__/auth.test.js:125:19)

    console.error
      Error: Expired

      46 |  */
      47 | export function errorHandler(err, req, res, next) {
    > 48 |   console.error('Error:', err.message)
         |           ^
      49 |
      50 |   if (err.name === 'JsonWebTokenError') {
      51 |     return res.status(401).json({

      at error (src/middleware/auth.js:48:11)
      at Object.<anonymous> (src/middleware/__tests__/auth.test.js:136:19)

    console.error
      Error: Custom error

      46 |  */
      47 | export function errorHandler(err, req, res, next) {
    > 48 |   console.error('Error:', err.message)
         |           ^
      49 |
      50 |   if (err.name === 'JsonWebTokenError') {
      51 |     return res.status(401).json({

      at error (src/middleware/auth.js:48:11)
      at Object.<anonymous> (src/middleware/__tests__/auth.test.js:147:19)

    console.error
      Error: Unknown error

      46 |  */
      47 | export function errorHandler(err, req, res, next) {
    > 48 |   console.error('Error:', err.message)
         |           ^
      49 |
      50 |   if (err.name === 'JsonWebTokenError') {
      51 |     return res.status(401).json({

      at error (src/middleware/auth.js:48:11)
      at Object.<anonymous> (src/middleware/__tests__/auth.test.js:155:19)

    console.error
      Error: Test error

      46 |  */
      47 | export function errorHandler(err, req, res, next) {
    > 48 |   console.error('Error:', err.message)
         |           ^
      49 |
      50 |   if (err.name === 'JsonWebTokenError') {
      51 |     return res.status(401).json({

      at error (src/middleware/auth.js:48:11)
      at Object.<anonymous> (src/middleware/__tests__/auth.test.js:163:19)

PASS src/services/__tests__/chainService.test.js
PASS src/services/__tests__/searchService.test.js
PASS src/controllers/__tests__/scenarioController.test.js
FAIL src/services/__tests__/schedulerService.test.js
  ΓùÅ Console

    console.log
      [SCHEDULER] Γ£à Started job #schedule-123

      at SchedulerService.log (src/services/schedulerService.js:126:15)

    console.log
      [SCHEDULER] Created schedule #schedule-123: DAILY at 09:00

      at SchedulerService.log (src/services/schedulerService.js:89:15)

    console.error
      [SCHEDULER] Start failed: Cannot read properties of undefined (reading 'id')

      127 |       return job
      128 |     } catch (err) {
    > 129 |       console.error('[SCHEDULER] Start failed:', err.message)
          |               ^
      130 |       throw err
      131 |     }
      132 |   }

      at SchedulerService.error (src/services/schedulerService.js:129:15)
      at Generator.call (src/services/schedulerService.js:2:1)
      at Generator._invoke [as next] (src/services/schedulerService.js:2:1)
      at asyncGeneratorStep (src/services/schedulerService.js:2:1)
      at asyncGeneratorStep (src/services/schedulerService.js:2:1)
      at _next (src/services/schedulerService.js:2:1)
      at SchedulerService.<anonymous> (src/services/schedulerService.js:2:1)
      at SchedulerService.apply [as startSchedule] (src/services/schedulerService.js:100:22)
      at SchedulerService.startSchedule (src/services/schedulerService.js:86:20)
      at Generator.call (src/services/schedulerService.js:2:1)
      at Generator._invoke [as next] (src/services/schedulerService.js:2:1)
      at asyncGeneratorStep (src/services/schedulerService.js:2:1)
      at asyncGeneratorStep (src/services/schedulerService.js:2:1)

    console.error
      [SCHEDULER] Create failed: Cannot read properties of undefined (reading 'id')

      90 |       return schedule
      91 |     } catch (err) {
    > 92 |       console.error('[SCHEDULER] Create failed:', err.message)
         |               ^
      93 |       throw err
      94 |     }
      95 |   }

      at SchedulerService.error (src/services/schedulerService.js:92:15)
      at Generator.call (src/services/schedulerService.js:2:1)
      at Generator._invoke [as throw] (src/services/schedulerService.js:2:1)
      at asyncGeneratorStep (src/services/schedulerService.js:2:1)
      at asyncGeneratorStep (src/services/schedulerService.js:2:1)

    console.error
      [SCHEDULER] Create failed: Invalid frequency: INVALID

      90 |       return schedule
      91 |     } catch (err) {
    > 92 |       console.error('[SCHEDULER] Create failed:', err.message)
         |               ^
      93 |       throw err
      94 |     }
      95 |   }

      at SchedulerService.error (src/services/schedulerService.js:92:15)
      at Generator.call (src/services/schedulerService.js:2:1)
      at Generator._invoke [as next] (src/services/schedulerService.js:2:1)
      at asyncGeneratorStep (src/services/schedulerService.js:2:1)
      at asyncGeneratorStep (src/services/schedulerService.js:2:1)
      at _next (src/services/schedulerService.js:2:1)
      at SchedulerService.<anonymous> (src/services/schedulerService.js:2:1)
      at SchedulerService.apply [as createSchedule] (src/services/schedulerService.js:56:23)
      at createSchedule (src/services/__tests__/schedulerService.test.js:146:26)
      at Generator.call (src/services/__tests__/schedulerService.test.js:2:1)
      at Generator._invoke [as next] (src/services/__tests__/schedulerService.test.js:2:1)
      at asyncGeneratorStep (src/services/__tests__/schedulerService.test.js:2:1)
      at asyncGeneratorStep (src/services/__tests__/schedulerService.test.js:2:1)
      at _next (src/services/__tests__/schedulerService.test.js:2:1)
      at Object.<anonymous> (src/services/__tests__/schedulerService.test.js:2:1)

    console.log
      [SCHEDULER] Γ£à Started job #schedule-123

      at SchedulerService.log (src/services/schedulerService.js:126:15)

    console.log
      [SCHEDULER] Created schedule #schedule-123: WEEKLY at 10:30

      at SchedulerService.log (src/services/schedulerService.js:89:15)

    console.log
      [SCHEDULER] Updated schedule #schedule-123

      at SchedulerService.log (src/services/schedulerService.js:306:15)

    console.log
      [SCHEDULER] Updated schedule #schedule-123

      at SchedulerService.log (src/services/schedulerService.js:306:15)

    console.error
      [SCHEDULER] Update failed: Not found

      307 |       return schedule
      308 |     } catch (err) {
    > 309 |       console.error('[SCHEDULER] Update failed:', err.message)
          |               ^
      310 |       throw err
      311 |     }
      312 |   }

      at SchedulerService.error (src/services/schedulerService.js:309:15)
      at Generator.call (src/services/schedulerService.js:2:1)
      at Generator._invoke [as throw] (src/services/schedulerService.js:2:1)
      at asyncGeneratorStep (src/services/schedulerService.js:2:1)
      at asyncGeneratorStep (src/services/schedulerService.js:2:1)

    console.log
      [SCHEDULER] Deleted schedule #schedule-123

      at SchedulerService.log (src/services/schedulerService.js:325:15)

    console.error
      [SCHEDULER] Stop failed: job.destroy is not a function

      145 |       }
      146 |     } catch (err) {
    > 147 |       console.error('[SCHEDULER] Stop failed:', err.message)
          |               ^
      148 |     }
      149 |   }
      150 |

      at SchedulerService.error [as stopSchedule] (src/services/schedulerService.js:147:15)
      at SchedulerService.stopSchedule (src/services/schedulerService.js:319:12)
      at Generator.call (src/services/schedulerService.js:2:1)
      at Generator._invoke [as next] (src/services/schedulerService.js:2:1)
      at asyncGeneratorStep (src/services/schedulerService.js:2:1)
      at asyncGeneratorStep (src/services/schedulerService.js:2:1)
      at _next (src/services/schedulerService.js:2:1)
      at SchedulerService.<anonymous> (src/services/schedulerService.js:2:1)
      at SchedulerService.apply [as deleteSchedule] (src/services/schedulerService.js:317:23)
      at deleteSchedule (src/services/__tests__/schedulerService.test.js:260:30)
      at Generator.call (src/services/__tests__/schedulerService.test.js:2:1)
      at Generator._invoke [as next] (src/services/__tests__/schedulerService.test.js:2:1)
      at asyncGeneratorStep (src/services/__tests__/schedulerService.test.js:2:1)
      at asyncGeneratorStep (src/services/__tests__/schedulerService.test.js:2:1)
      at _next (src/services/__tests__/schedulerService.test.js:2:1)
      at Object.<anonymous> (src/services/__tests__/schedulerService.test.js:2:1)

    console.log
      [SCHEDULER] Deleted schedule #schedule-123

      at SchedulerService.log (src/services/schedulerService.js:325:15)

    console.error
      [SCHEDULER] Execution failed: Cannot read properties of undefined (reading 'findUnique')

      187 |       return execution
      188 |     } catch (err) {
    > 189 |       console.error('[SCHEDULER] Execution failed:', err.message)
          |               ^
      190 |       throw err
      191 |     }
      192 |   }

      at SchedulerService.error (src/services/schedulerService.js:189:15)
      at Generator.call (src/services/schedulerService.js:2:1)
      at Generator._invoke [as next] (src/services/schedulerService.js:2:1)
      at asyncGeneratorStep (src/services/schedulerService.js:2:1)
      at asyncGeneratorStep (src/services/schedulerService.js:2:1)
      at _next (src/services/schedulerService.js:2:1)
      at SchedulerService.<anonymous> (src/services/schedulerService.js:2:1)
      at SchedulerService.apply [as executeScheduledScenario] (src/services/schedulerService.js:154:33)
      at executeScheduledScenario (src/services/__tests__/schedulerService.test.js:272:45)
      at Generator.call (src/services/__tests__/schedulerService.test.js:2:1)
      at Generator._invoke [as next] (src/services/__tests__/schedulerService.test.js:2:1)
      at asyncGeneratorStep (src/services/__tests__/schedulerService.test.js:2:1)
      at asyncGeneratorStep (src/services/__tests__/schedulerService.test.js:2:1)
      at _next (src/services/__tests__/schedulerService.test.js:2:1)
      at Object.<anonymous> (src/services/__tests__/schedulerService.test.js:2:1)

    console.error
      [SCHEDULER] Execution failed: Cannot read properties of undefined (reading 'findUnique')

      187 |       return execution
      188 |     } catch (err) {
    > 189 |       console.error('[SCHEDULER] Execution failed:', err.message)
          |               ^
      190 |       throw err
      191 |     }
      192 |   }

      at SchedulerService.error (src/services/schedulerService.js:189:15)
      at Generator.call (src/services/schedulerService.js:2:1)
      at Generator._invoke [as next] (src/services/schedulerService.js:2:1)
      at asyncGeneratorStep (src/services/schedulerService.js:2:1)
      at asyncGeneratorStep (src/services/schedulerService.js:2:1)
      at _next (src/services/schedulerService.js:2:1)
      at SchedulerService.<anonymous> (src/services/schedulerService.js:2:1)
      at SchedulerService.apply [as executeScheduledScenario] (src/services/schedulerService.js:154:33)
      at executeScheduledScenario (src/services/__tests__/schedulerService.test.js:281:45)
      at Generator.call (src/services/__tests__/schedulerService.test.js:2:1)
      at Generator._invoke [as next] (src/services/__tests__/schedulerService.test.js:2:1)
      at asyncGeneratorStep (src/services/__tests__/schedulerService.test.js:2:1)
      at asyncGeneratorStep (src/services/__tests__/schedulerService.test.js:2:1)
      at _next (src/services/__tests__/schedulerService.test.js:2:1)
      at Object.<anonymous> (src/services/__tests__/schedulerService.test.js:2:1)

    console.log
      [SCHEDULER] Initializing...

      at SchedulerService.log (src/services/schedulerService.js:30:15)

    console.log
      [SCHEDULER] Found 2 active schedules

      at SchedulerService.log (src/services/schedulerService.js:40:15)

    console.log
      [SCHEDULER] Γ£à Started job #schedule-123

      at SchedulerService.log (src/services/schedulerService.js:126:15)

    console.log
      [SCHEDULER] Γ£à Started job #schedule-456

      at SchedulerService.log (src/services/schedulerService.js:126:15)

    console.log
      [SCHEDULER] Γ£à Scheduler initialized

      at SchedulerService.log (src/services/schedulerService.js:47:15)

    console.log
      [SCHEDULER] Initializing...

      at SchedulerService.log (src/services/schedulerService.js:30:15)

    console.log
      [SCHEDULER] Found 1 active schedules

      at SchedulerService.log (src/services/schedulerService.js:40:15)

    console.log
      [SCHEDULER] Γ£à Started job #schedule-123

      at SchedulerService.log (src/services/schedulerService.js:126:15)

    console.log
      [SCHEDULER] Γ£à Scheduler initialized

      at SchedulerService.log (src/services/schedulerService.js:47:15)

  ΓùÅ SchedulerService ΓÇ║ generateCronExpression ΓÇ║ should generate valid DAILY cron expression

    expect(received).toBe(expected) // Object.is equality

    Expected: "0 9 * * *"
    Received: "00 09 * * *"

      82 |     it('should generate valid DAILY cron expression', () => {
      83 |       const cron = schedulerService.generateCronExpression('DAILY', '09:00', null)
    > 84 |       expect(cron).toBe('0 9 * * *')
         |                    ^
      85 |     })
      86 |
      87 |     it('should generate valid HOURLY cron expression', () => {

      at Object.toBe (src/services/__tests__/schedulerService.test.js:84:20)

  ΓùÅ SchedulerService ΓÇ║ generateCronExpression ΓÇ║ should generate valid WEEKLY cron expression

    TypeError: (((cov_1wh0ntdm6p(...).b[11][0]++) , daysOfWeek) || ((cov_1wh0ntdm6p(...).b[11][1]++) , [1])).join is not a function

      208 |       case 'WEEKLY':
      209 |         // daysOfWeek: array of 0-6 (0=Sunday, 1=Monday, etc.)
    > 210 |         const days = (daysOfWeek || [1]).join(',')
          |                                          ^
      211 |         return `${minute} ${hour} * * ${days}` // Weekly on specific days
      212 |
      213 |       case 'ONCE':

      at SchedulerService.join [as generateCronExpression] (src/services/schedulerService.js:210:42)
      at Object.generateCronExpression (src/services/__tests__/schedulerService.test.js:93:37)

  ΓùÅ SchedulerService ΓÇ║ generateCronExpression ΓÇ║ should throw error for invalid frequency

    expect(received).toThrow()

    Received function did not throw

      103 |       expect(() => {
      104 |         schedulerService.generateCronExpression('INVALID', '09:00', null)
    > 105 |       }).toThrow()
          |          ^
      106 |     })
      107 |
      108 |     it('should throw error for invalid time format', () => {

      at Object.toThrow (src/services/__tests__/schedulerService.test.js:105:10)

  ΓùÅ SchedulerService ΓÇ║ generateCronExpression ΓÇ║ should throw error for invalid time format

    expect(received).toThrow()

    Received function did not throw

      109 |       expect(() => {
      110 |         schedulerService.generateCronExpression('DAILY', '25:00', null)
    > 111 |       }).toThrow()
          |          ^
      112 |     })
      113 |   })
      114 |

      at Object.toThrow (src/services/__tests__/schedulerService.test.js:111:10)

  ΓùÅ SchedulerService ΓÇ║ createSchedule ΓÇ║ should throw error if scenario not found

    expect(received).rejects.toThrow(expected)

    Expected substring: "Scenario not found"
    Received message:   "Cannot read properties of undefined (reading 'id')"

          101 |     try {
          102 |       // Stop existing job if any
        > 103 |       if (this.jobs.has(schedule.id)) {
              |                                  ^
          104 |         this.stopSchedule(schedule.id)
          105 |       }
          106 |

      at SchedulerService.id (src/services/schedulerService.js:103:34)
      at Generator.call (src/services/schedulerService.js:2:1)
      at Generator._invoke [as next] (src/services/schedulerService.js:2:1)
      at asyncGeneratorStep (src/services/schedulerService.js:2:1)
      at asyncGeneratorStep (src/services/schedulerService.js:2:1)
      at _next (src/services/schedulerService.js:2:1)
      at SchedulerService.<anonymous> (src/services/schedulerService.js:2:1)
      at SchedulerService.apply [as startSchedule] (src/services/schedulerService.js:100:22)
      at SchedulerService.startSchedule (src/services/schedulerService.js:86:20)
      at Generator.call (src/services/schedulerService.js:2:1)
      at Generator._invoke [as next] (src/services/schedulerService.js:2:1)
      at asyncGeneratorStep (src/services/schedulerService.js:2:1)
      at asyncGeneratorStep (src/services/schedulerService.js:2:1)
      at Object.toThrow (node_modules/expect/build/index.js:218:22)
      at toThrow (src/services/__tests__/schedulerService.test.js:139:17)
      at Generator.call (src/services/__tests__/schedulerService.test.js:2:1)
      at Generator._invoke [as next] (src/services/__tests__/schedulerService.test.js:2:1)
      at asyncGeneratorStep (src/services/__tests__/schedulerService.test.js:2:1)
      at asyncGeneratorStep (src/services/__tests__/schedulerService.test.js:2:1)
      at _next (src/services/__tests__/schedulerService.test.js:2:1)
      at Object.<anonymous> (src/services/__tests__/schedulerService.test.js:2:1)

  ΓùÅ SchedulerService ΓÇ║ getSchedules ΓÇ║ should return all schedules for user

    TypeError: schedulerService.getSchedules is not a function

      174 |       prisma.testSchedule.count.mockResolvedValueOnce(2)
      175 |
    > 176 |       const result = await schedulerService.getSchedules('user-123')
          |                                             ^
      177 |
      178 |       expect(result.schedules).toHaveLength(2)
      179 |       expect(result.total).toBe(2)

      at getSchedules (src/services/__tests__/schedulerService.test.js:176:45)
      at Generator.call (src/services/__tests__/schedulerService.test.js:2:1)
      at Generator._invoke [as next] (src/services/__tests__/schedulerService.test.js:2:1)
      at asyncGeneratorStep (src/services/__tests__/schedulerService.test.js:2:1)
      at asyncGeneratorStep (src/services/__tests__/schedulerService.test.js:2:1)
      at _next (src/services/__tests__/schedulerService.test.js:2:1)
      at Object.<anonymous> (src/services/__tests__/schedulerService.test.js:2:1)

  ΓùÅ SchedulerService ΓÇ║ getSchedules ΓÇ║ should support pagination

    TypeError: schedulerService.getSchedules is not a function

      187 |       prisma.testSchedule.count.mockResolvedValueOnce(10)
      188 |
    > 189 |       const result = await schedulerService.getSchedules('user-123', 5, 10)
          |                                             ^
      190 |
      191 |       expect(prisma.testSchedule.findMany).toHaveBeenCalledWith(
      192 |         expect.objectContaining({

      at getSchedules (src/services/__tests__/schedulerService.test.js:189:45)
      at Generator.call (src/services/__tests__/schedulerService.test.js:2:1)
      at Generator._invoke [as next] (src/services/__tests__/schedulerService.test.js:2:1)
      at asyncGeneratorStep (src/services/__tests__/schedulerService.test.js:2:1)
      at asyncGeneratorStep (src/services/__tests__/schedulerService.test.js:2:1)
      at _next (src/services/__tests__/schedulerService.test.js:2:1)
      at Object.<anonymous> (src/services/__tests__/schedulerService.test.js:2:1)

  ΓùÅ SchedulerService ΓÇ║ getSchedules ΓÇ║ should return empty array if no schedules

    TypeError: schedulerService.getSchedules is not a function

      201 |       prisma.testSchedule.count.mockResolvedValueOnce(0)
      202 |
    > 203 |       const result = await schedulerService.getSchedules('user-123')
          |                                             ^
      204 |
      205 |       expect(result.schedules).toHaveLength(0)
      206 |       expect(result.total).toBe(0)

      at getSchedules (src/services/__tests__/schedulerService.test.js:203:45)
      at Generator.call (src/services/__tests__/schedulerService.test.js:2:1)
      at Generator._invoke [as next] (src/services/__tests__/schedulerService.test.js:2:1)
      at asyncGeneratorStep (src/services/__tests__/schedulerService.test.js:2:1)
      at asyncGeneratorStep (src/services/__tests__/schedulerService.test.js:2:1)
      at _next (src/services/__tests__/schedulerService.test.js:2:1)
      at Object.<anonymous> (src/services/__tests__/schedulerService.test.js:2:1)

  ΓùÅ SchedulerService ΓÇ║ deleteSchedule ΓÇ║ should delete schedule by id

    TypeError: Cannot read properties of undefined (reading 'id')

      248 |       const result = await schedulerService.deleteSchedule('schedule-123')
      249 |
    > 250 |       expect(result.id).toBe('schedule-123')
          |                     ^
      251 |       expect(prisma.testSchedule.delete).toHaveBeenCalledWith({
      252 |         where: { id: 'schedule-123' }
      253 |       })

      at id (src/services/__tests__/schedulerService.test.js:250:21)
      at Generator.call (src/services/__tests__/schedulerService.test.js:2:1)
      at Generator._invoke [as next] (src/services/__tests__/schedulerService.test.js:2:1)
      at asyncGeneratorStep (src/services/__tests__/schedulerService.test.js:2:1)
      at asyncGeneratorStep (src/services/__tests__/schedulerService.test.js:2:1)

  ΓùÅ SchedulerService ΓÇ║ deleteSchedule ΓÇ║ should handle cascade delete of related jobs

    expect(received).toBe(expected) // Object.is equality

    Expected: false
    Received: true

      260 |       await schedulerService.deleteSchedule('schedule-123')
      261 |
    > 262 |       expect(schedulerService.jobs.has('schedule-123')).toBe(false)
          |                                                         ^
      263 |     })
      264 |   })
      265 |

      at toBe (src/services/__tests__/schedulerService.test.js:262:57)
      at Generator.call (src/services/__tests__/schedulerService.test.js:2:1)
      at Generator._invoke [as next] (src/services/__tests__/schedulerService.test.js:2:1)
      at asyncGeneratorStep (src/services/__tests__/schedulerService.test.js:2:1)
      at asyncGeneratorStep (src/services/__tests__/schedulerService.test.js:2:1)

  ΓùÅ SchedulerService ΓÇ║ executeScheduledScenario ΓÇ║ should execute scenario and update lastRunAt

    TypeError: Cannot read properties of undefined (reading 'findUnique')

      157 |
      158 |       // Fetch scenario
    > 159 |       const scenario = await prisma.scenario.findUnique({
          |                                              ^
      160 |         where: { id: scenarioId },
      161 |         include: { steps: true }
      162 |       })

      at SchedulerService.findUnique (src/services/schedulerService.js:159:46)
      at Generator.call (src/services/schedulerService.js:2:1)
      at Generator._invoke [as next] (src/services/schedulerService.js:2:1)
      at asyncGeneratorStep (src/services/schedulerService.js:2:1)
      at asyncGeneratorStep (src/services/schedulerService.js:2:1)
      at _next (src/services/schedulerService.js:2:1)
      at SchedulerService.<anonymous> (src/services/schedulerService.js:2:1)
      at SchedulerService.apply [as executeScheduledScenario] (src/services/schedulerService.js:154:33)
      at executeScheduledScenario (src/services/__tests__/schedulerService.test.js:272:45)
      at Generator.call (src/services/__tests__/schedulerService.test.js:2:1)
      at Generator._invoke [as next] (src/services/__tests__/schedulerService.test.js:2:1)
      at asyncGeneratorStep (src/services/__tests__/schedulerService.test.js:2:1)
      at asyncGeneratorStep (src/services/__tests__/schedulerService.test.js:2:1)
      at _next (src/services/__tests__/schedulerService.test.js:2:1)
      at Object.<anonymous> (src/services/__tests__/schedulerService.test.js:2:1)

  ΓùÅ SchedulerService ΓÇ║ executeScheduledScenario ΓÇ║ should handle execution errors gracefully

    TypeError: Cannot read properties of undefined (reading 'findUnique')

      157 |
      158 |       // Fetch scenario
    > 159 |       const scenario = await prisma.scenario.findUnique({
          |                                              ^
      160 |         where: { id: scenarioId },
      161 |         include: { steps: true }
      162 |       })

      at SchedulerService.findUnique (src/services/schedulerService.js:159:46)
      at Generator.call (src/services/schedulerService.js:2:1)
      at Generator._invoke [as next] (src/services/schedulerService.js:2:1)
      at asyncGeneratorStep (src/services/schedulerService.js:2:1)
      at asyncGeneratorStep (src/services/schedulerService.js:2:1)
      at _next (src/services/schedulerService.js:2:1)
      at SchedulerService.<anonymous> (src/services/schedulerService.js:2:1)
      at SchedulerService.apply [as executeScheduledScenario] (src/services/schedulerService.js:154:33)
      at executeScheduledScenario (src/services/__tests__/schedulerService.test.js:281:45)
      at Generator.call (src/services/__tests__/schedulerService.test.js:2:1)
      at Generator._invoke [as next] (src/services/__tests__/schedulerService.test.js:2:1)
      at asyncGeneratorStep (src/services/__tests__/schedulerService.test.js:2:1)
      at asyncGeneratorStep (src/services/__tests__/schedulerService.test.js:2:1)
      at _next (src/services/__tests__/schedulerService.test.js:2:1)
      at Object.<anonymous> (src/services/__tests__/schedulerService.test.js:2:1)

  ΓùÅ SchedulerService ΓÇ║ initialize ΓÇ║ should handle initialization errors

    expect(received).rejects.toThrow()

    Received promise resolved instead of rejected
    Resolved to value: undefined

      301 |       prisma.testSchedule.findMany.mockRejectedValueOnce(new Error('DB error'))
      302 |
    > 303 |       await expect(schedulerService.initialize()).rejects.toThrow()
          |                   ^
      304 |     })
      305 |   })
      306 |

      at expect (node_modules/expect/build/index.js:113:15)
      at src/services/__tests__/schedulerService.test.js:303:19
      at Generator.call (src/services/__tests__/schedulerService.test.js:2:1)
      at Generator._invoke [as next] (src/services/__tests__/schedulerService.test.js:2:1)
      at asyncGeneratorStep (src/services/__tests__/schedulerService.test.js:2:1)
      at asyncGeneratorStep (src/services/__tests__/schedulerService.test.js:2:1)
      at _next (src/services/__tests__/schedulerService.test.js:2:1)
      at Object.<anonymous> (src/services/__tests__/schedulerService.test.js:2:1)

  ΓùÅ SchedulerService ΓÇ║ calculateNextRun ΓÇ║ should handle cron expression validation

    expect(received).toThrow()

    Received function did not throw

      315 |       expect(() => {
      316 |         schedulerService.calculateNextRun('INVALID')
    > 317 |       }).toThrow()
          |          ^
      318 |     })
      319 |   })
      320 | })

      at Object.toThrow (src/services/__tests__/schedulerService.test.js:317:10)

PASS src/utils/__tests__/jwt.test.js
PASS src/services/__tests__/parallelExecutionService.test.js
PASS src/services/__tests__/browserMatrixService.test.js
PASS src/utils/__tests__/password.test.js
PASS src/services/__tests__/scenarioService.test.js
PASS src/controllers/__tests__/searchController.test.js
PASS src/utils/__tests__/errorHandler.test.js
PASS src/controllers/__tests__/testStepController.test.js
PASS src/controllers/__tests__/authController.test.js
PASS src/services/__tests__/executionService.simple.test.js
FAIL src/services/__tests__/executionService.test.js
  ΓùÅ ExecutionService - Data Layer Tests ΓÇ║ getExecutionHistory ΓÇ║ should fetch execution history with pagination

    expect(jest.fn()).toHaveBeenCalledWith(...expected)

    Expected: ObjectContaining {"orderBy": {"startedAt": "desc"}, "skip": 0, "take": 20, "where": {"scenarioId": "scenario-123"}}
    Received: {"include": {"scenario": {"select": {"name": true}}, "stepResults": {"include": {"screenshot": true, "testStep": true}, "orderBy": {"testStep": {"stepNumber": "asc"}}}}, "orderBy": {"createdAt": "desc"}, "skip": 0, "take": 20, "where": {"scenarioId": {"limit": 20, "offset": 0}, "userId": "scenario-123"}}

    Number of calls: 1

      75 |       })
      76 |
    > 77 |       expect(prisma.execution.findMany).toHaveBeenCalledWith(
         |                                         ^
      78 |         expect.objectContaining({
      79 |           where: { scenarioId: 'scenario-123' },
      80 |           take: 20,

      at toHaveBeenCalledWith (src/services/__tests__/executionService.test.js:77:41)
      at Generator.call (src/services/__tests__/executionService.test.js:2:1)
      at Generator._invoke [as next] (src/services/__tests__/executionService.test.js:2:1)
      at asyncGeneratorStep (src/services/__tests__/executionService.test.js:2:1)
      at asyncGeneratorStep (src/services/__tests__/executionService.test.js:2:1)

  ΓùÅ ExecutionService - Data Layer Tests ΓÇ║ getExecutionHistory ΓÇ║ should order executions by most recent first

    expect(jest.fn()).toHaveBeenCalledWith(...expected)

    Expected: ObjectContaining {"orderBy": {"startedAt": "desc"}}
    Received: {"include": {"scenario": {"select": {"name": true}}, "stepResults": {"include": {"screenshot": true, "testStep": true}, "orderBy": {"testStep": {"stepNumber": "asc"}}}}, "orderBy": {"createdAt": "desc"}, "skip": 0, "take": 20, "where": {"userId": "scenario-123"}}

    Number of calls: 1

      110 |       await executionService.getExecutionHistory('scenario-123')
      111 |
    > 112 |       expect(prisma.execution.findMany).toHaveBeenCalledWith(
          |                                         ^
      113 |         expect.objectContaining({
      114 |           orderBy: { startedAt: 'desc' }
      115 |         })

      at toHaveBeenCalledWith (src/services/__tests__/executionService.test.js:112:41)
      at Generator.call (src/services/__tests__/executionService.test.js:2:1)
      at Generator._invoke [as next] (src/services/__tests__/executionService.test.js:2:1)
      at asyncGeneratorStep (src/services/__tests__/executionService.test.js:2:1)
      at asyncGeneratorStep (src/services/__tests__/executionService.test.js:2:1)

  ΓùÅ ExecutionService - Data Layer Tests ΓÇ║ getExecutionHistory ΓÇ║ should support different page sizes

    expect(jest.fn()).toHaveBeenCalledWith(...expected)

    Expected: ObjectContaining {"skip": 0, "take": 50}
    Received: {"include": {"scenario": {"select": {"name": true}}, "stepResults": {"include": {"screenshot": true, "testStep": true}, "orderBy": {"testStep": {"stepNumber": "asc"}}}}, "orderBy": {"createdAt": "desc"}, "skip": 0, "take": 20, "where": {"scenarioId": {"limit": 50, "offset": 0}, "userId": "scenario-123"}}

    Number of calls: 1

      123 |       await executionService.getExecutionHistory('scenario-123', { limit: 50, offset: 0 })
      124 |
    > 125 |       expect(prisma.execution.findMany).toHaveBeenCalledWith(
          |                                         ^
      126 |         expect.objectContaining({
      127 |           take: 50,
      128 |           skip: 0

      at toHaveBeenCalledWith (src/services/__tests__/executionService.test.js:125:41)
      at Generator.call (src/services/__tests__/executionService.test.js:2:1)
      at Generator._invoke [as next] (src/services/__tests__/executionService.test.js:2:1)
      at asyncGeneratorStep (src/services/__tests__/executionService.test.js:2:1)
      at asyncGeneratorStep (src/services/__tests__/executionService.test.js:2:1)

  ΓùÅ ExecutionService - Data Layer Tests ΓÇ║ getExecutionHistory ΓÇ║ should handle offset pagination

    expect(jest.fn()).toHaveBeenCalledWith(...expected)

    Expected: ObjectContaining {"skip": 40, "take": 20}
    Received: {"include": {"scenario": {"select": {"name": true}}, "stepResults": {"include": {"screenshot": true, "testStep": true}, "orderBy": {"testStep": {"stepNumber": "asc"}}}}, "orderBy": {"createdAt": "desc"}, "skip": 0, "take": 20, "where": {"scenarioId": {"limit": 20, "offset": 40}, "userId": "scenario-123"}}

    Number of calls: 1

      137 |       await executionService.getExecutionHistory('scenario-123', { limit: 20, offset: 40 })
      138 |
    > 139 |       expect(prisma.execution.findMany).toHaveBeenCalledWith(
          |                                         ^
      140 |         expect.objectContaining({
      141 |           take: 20,
      142 |           skip: 40

      at toHaveBeenCalledWith (src/services/__tests__/executionService.test.js:139:41)
      at Generator.call (src/services/__tests__/executionService.test.js:2:1)
      at Generator._invoke [as next] (src/services/__tests__/executionService.test.js:2:1)
      at asyncGeneratorStep (src/services/__tests__/executionService.test.js:2:1)
      at asyncGeneratorStep (src/services/__tests__/executionService.test.js:2:1)

  ΓùÅ ExecutionService - Data Layer Tests ΓÇ║ Error Handling ΓÇ║ should handle database errors

    expect(received).rejects.toThrow()

    Received promise resolved instead of rejected
    Resolved to value: {"executions": undefined, "hasMore": false, "limit": 20, "offset": 0, "total": undefined}

      150 |       prisma.execution.findUnique.mockRejectedValueOnce(new Error('Database error'))
      151 |
    > 152 |       await expect(
          |             ^
      153 |         executionService.getExecutionHistory('scenario-123')
      154 |       ).rejects.toThrow()
      155 |     })

      at expect (node_modules/expect/build/index.js:113:15)
      at expect (src/services/__tests__/executionService.test.js:152:13)
      at Generator.call (src/services/__tests__/executionService.test.js:2:1)
      at Generator._invoke [as next] (src/services/__tests__/executionService.test.js:2:1)
      at asyncGeneratorStep (src/services/__tests__/executionService.test.js:2:1)
      at asyncGeneratorStep (src/services/__tests__/executionService.test.js:2:1)
      at _next (src/services/__tests__/executionService.test.js:2:1)
      at Object.<anonymous> (src/services/__tests__/executionService.test.js:2:1)

  ΓùÅ ExecutionService - Data Layer Tests ΓÇ║ Execution Status Tracking ΓÇ║ should handle mixed pass/fail results

    expect(received).toHaveLength(expected)

    Matcher error: received value must have a length property whose value must be a number

    Received has type:  object
    Received has value: {"executions": [{"failedSteps": 0, "id": "exec-1", "passedSteps": 5, "status": "PASSED"}, {"failedSteps": 2, "id": "exec-2", "passedSteps": 3, "status": "FAILED"}], "hasMore": false, "limit": 20, "offset": 0, "total": 2}

      213 |       const result = await executionService.getExecutionHistory('scenario-123')
      214 |       
    > 215 |       expect(result).toHaveLength(2)
          |                      ^
      216 |     })
      217 |   })
      218 |

      at toHaveLength (src/services/__tests__/executionService.test.js:215:22)
      at Generator.call (src/services/__tests__/executionService.test.js:2:1)
      at Generator._invoke [as next] (src/services/__tests__/executionService.test.js:2:1)
      at asyncGeneratorStep (src/services/__tests__/executionService.test.js:2:1)
      at asyncGeneratorStep (src/services/__tests__/executionService.test.js:2:1)

  ΓùÅ ExecutionService - Data Layer Tests ΓÇ║ Execution Lifecycle ΓÇ║ should stop active execution

    TypeError: _executionService.executionService.stopExecution is not a function

      227 |       prisma.execution.update.mockResolvedValueOnce(stoppedExecution)
      228 |
    > 229 |       const result = await executionService.stopExecution('exec-123')
          |                                             ^
      230 |
      231 |       expect(result).toBeDefined()
      232 |       expect(prisma.execution.update).toHaveBeenCalled()

      at stopExecution (src/services/__tests__/executionService.test.js:229:45)
      at Generator.call (src/services/__tests__/executionService.test.js:2:1)
      at Generator._invoke [as next] (src/services/__tests__/executionService.test.js:2:1)
      at asyncGeneratorStep (src/services/__tests__/executionService.test.js:2:1)
      at asyncGeneratorStep (src/services/__tests__/executionService.test.js:2:1)
      at _next (src/services/__tests__/executionService.test.js:2:1)
      at Object.<anonymous> (src/services/__tests__/executionService.test.js:2:1)

  ΓùÅ ExecutionService - Data Layer Tests ΓÇ║ Execution Lifecycle ΓÇ║ should delete execution records

    TypeError: _prisma.prisma.execution.findFirst is not a function

      1345 |    */
      1346 |   async deleteExecution(userId, executionId) {
    > 1347 |     const execution = await prisma.execution.findFirst({
           |                                              ^
      1348 |       where: { id: executionId, userId }
      1349 |     })
      1350 |

      at findFirst (src/services/executionService.js:1347:46)
      at Generator.call (src/services/executionService.js:2:1)
      at Generator._invoke [as next] (src/services/executionService.js:2:1)
      at asyncGeneratorStep (src/services/executionService.js:2:1)
      at asyncGeneratorStep (src/services/executionService.js:2:1)
      at _next (src/services/executionService.js:2:1)
      at src/services/executionService.js:2:1
      at Object.deleteExecution (src/services/executionService.js:1359:44)
      at deleteExecution (src/services/__tests__/executionService.test.js:239:45)
      at Generator.call (src/services/__tests__/executionService.test.js:2:1)
      at Generator._invoke [as next] (src/services/__tests__/executionService.test.js:2:1)
      at asyncGeneratorStep (src/services/__tests__/executionService.test.js:2:1)
      at asyncGeneratorStep (src/services/__tests__/executionService.test.js:2:1)
      at _next (src/services/__tests__/executionService.test.js:2:1)
      at Object.<anonymous> (src/services/__tests__/executionService.test.js:2:1)

PASS src/controllers/__tests__/executionController.test.js (5.947 s)
  ΓùÅ Console

    console.log
      [EXECUTION] Scenario scenario-1 completed

      at log (src/controllers/executionController.js:73:17)

    console.log
      [EXECUTION] Scenario scenario-1 completed

      at log (src/controllers/executionController.js:73:17)

    console.error
      Execution error: Error: Scenario not found
          at D:\testingndrih\backend\src\controllers\__tests__\executionController.test.js:88:9
          at Generator.call (D:\testingndrih\backend\src\controllers\__tests__\executionController.test.js:2:1)
          at Generator._invoke [as next] (D:\testingndrih\backend\src\controllers\__tests__\executionController.test.js:2:1)
          at asyncGeneratorStep (D:\testingndrih\backend\src\controllers\__tests__\executionController.test.js:2:1)
          at asyncGeneratorStep (D:\testingndrih\backend\src\controllers\__tests__\executionController.test.js:2:1)
          at _next (D:\testingndrih\backend\src\controllers\__tests__\executionController.test.js:2:1)
          at new Promise (<anonymous>)
          at Object.<anonymous> (D:\testingndrih\backend\src\controllers\__tests__\executionController.test.js:2:1)
          at Promise.then.completed (D:\testingndrih\backend\node_modules\jest-circus\build\utils.js:298:28)
          at new Promise (<anonymous>)
          at callAsyncCircusFn (D:\testingndrih\backend\node_modules\jest-circus\build\utils.js:231:10)
          at _callCircusTest (D:\testingndrih\backend\node_modules\jest-circus\build\run.js:316:40)
          at _runTest (D:\testingndrih\backend\node_modules\jest-circus\build\run.js:252:3)
          at _runTestsForDescribeBlock (D:\testingndrih\backend\node_modules\jest-circus\build\run.js:126:9)
          at _runTestsForDescribeBlock (D:\testingndrih\backend\node_modules\jest-circus\build\run.js:121:9)
          at _runTestsForDescribeBlock (D:\testingndrih\backend\node_modules\jest-circus\build\run.js:121:9)
          at run (D:\testingndrih\backend\node_modules\jest-circus\build\run.js:71:3)
          at runAndTransformResultsToJestFormat (D:\testingndrih\backend\node_modules\jest-circus\build\legacy-code-todo-rewrite\jestAdapterInit.js:122:21)
          at jestAdapter (D:\testingndrih\backend\node_modules\jest-circus\build\legacy-code-todo-rewrite\jestAdapter.js:79:19)
          at runTestInternal (D:\testingndrih\backend\node_modules\jest-runner\build\runTest.js:367:16)
          at runTest (D:\testingndrih\backend\node_modules\jest-runner\build\runTest.js:444:34)
          at Object.worker (D:\testingndrih\backend\node_modules\jest-runner\build\testWorker.js:106:12)

      88 |       })
      89 |     } catch (error) {
    > 90 |       console.error('Execution error:', error)
         |               ^
      91 |
      92 |       res.status(400).json({
      93 |         success: false,

      at error (src/controllers/executionController.js:90:15)
      at Generator.call (src/controllers/executionController.js:2:1)
      at Generator._invoke [as throw] (src/controllers/executionController.js:2:1)
      at asyncGeneratorStep (src/controllers/executionController.js:2:1)
      at asyncGeneratorStep (src/controllers/executionController.js:2:1)

    console.error
      Error fetching execution history: Error: Database error
          at D:\testingndrih\backend\src\controllers\__tests__\executionController.test.js:167:9
          at Generator.call (D:\testingndrih\backend\src\controllers\__tests__\executionController.test.js:2:1)
          at Generator._invoke [as next] (D:\testingndrih\backend\src\controllers\__tests__\executionController.test.js:2:1)
          at asyncGeneratorStep (D:\testingndrih\backend\src\controllers\__tests__\executionController.test.js:2:1)
          at asyncGeneratorStep (D:\testingndrih\backend\src\controllers\__tests__\executionController.test.js:2:1)
          at _next (D:\testingndrih\backend\src\controllers\__tests__\executionController.test.js:2:1)
          at new Promise (<anonymous>)
          at Object.<anonymous> (D:\testingndrih\backend\src\controllers\__tests__\executionController.test.js:2:1)
          at Promise.then.completed (D:\testingndrih\backend\node_modules\jest-circus\build\utils.js:298:28)
          at new Promise (<anonymous>)
          at callAsyncCircusFn (D:\testingndrih\backend\node_modules\jest-circus\build\utils.js:231:10)
          at _callCircusTest (D:\testingndrih\backend\node_modules\jest-circus\build\run.js:316:40)
          at _runTest (D:\testingndrih\backend\node_modules\jest-circus\build\run.js:252:3)
          at _runTestsForDescribeBlock (D:\testingndrih\backend\node_modules\jest-circus\build\run.js:126:9)
          at _runTestsForDescribeBlock (D:\testingndrih\backend\node_modules\jest-circus\build\run.js:121:9)
          at _runTestsForDescribeBlock (D:\testingndrih\backend\node_modules\jest-circus\build\run.js:121:9)
          at run (D:\testingndrih\backend\node_modules\jest-circus\build\run.js:71:3)
          at runAndTransformResultsToJestFormat (D:\testingndrih\backend\node_modules\jest-circus\build\legacy-code-todo-rewrite\jestAdapterInit.js:122:21)
          at jestAdapter (D:\testingndrih\backend\node_modules\jest-circus\build\legacy-code-todo-rewrite\jestAdapter.js:79:19)
          at runTestInternal (D:\testingndrih\backend\node_modules\jest-runner\build\runTest.js:367:16)
          at runTest (D:\testingndrih\backend\node_modules\jest-runner\build\runTest.js:444:34)
          at Object.worker (D:\testingndrih\backend\node_modules\jest-runner\build\testWorker.js:106:12)

      118 |       })
      119 |     } catch (error) {
    > 120 |       console.error('Error fetching execution history:', error)
          |               ^
      121 |       res.status(400).json({
      122 |         success: false,
      123 |         message: error.message

      at error (src/controllers/executionController.js:120:15)
      at Generator.call (src/controllers/executionController.js:2:1)
      at Generator._invoke [as throw] (src/controllers/executionController.js:2:1)
      at asyncGeneratorStep (src/controllers/executionController.js:2:1)
      at asyncGeneratorStep (src/controllers/executionController.js:2:1)

    console.error
      Error cancelling execution: Error: Cannot cancel completed execution
          at D:\testingndrih\backend\src\controllers\__tests__\executionController.test.js:256:9
          at Generator.call (D:\testingndrih\backend\src\controllers\__tests__\executionController.test.js:2:1)
          at Generator._invoke [as next] (D:\testingndrih\backend\src\controllers\__tests__\executionController.test.js:2:1)
          at asyncGeneratorStep (D:\testingndrih\backend\src\controllers\__tests__\executionController.test.js:2:1)
          at asyncGeneratorStep (D:\testingndrih\backend\src\controllers\__tests__\executionController.test.js:2:1)
          at _next (D:\testingndrih\backend\src\controllers\__tests__\executionController.test.js:2:1)
          at new Promise (<anonymous>)
          at Object.<anonymous> (D:\testingndrih\backend\src\controllers\__tests__\executionController.test.js:2:1)
          at Promise.then.completed (D:\testingndrih\backend\node_modules\jest-circus\build\utils.js:298:28)
          at new Promise (<anonymous>)
          at callAsyncCircusFn (D:\testingndrih\backend\node_modules\jest-circus\build\utils.js:231:10)
          at _callCircusTest (D:\testingndrih\backend\node_modules\jest-circus\build\run.js:316:40)
          at _runTest (D:\testingndrih\backend\node_modules\jest-circus\build\run.js:252:3)
          at _runTestsForDescribeBlock (D:\testingndrih\backend\node_modules\jest-circus\build\run.js:126:9)
          at _runTestsForDescribeBlock (D:\testingndrih\backend\node_modules\jest-circus\build\run.js:121:9)
          at _runTestsForDescribeBlock (D:\testingndrih\backend\node_modules\jest-circus\build\run.js:121:9)
          at run (D:\testingndrih\backend\node_modules\jest-circus\build\run.js:71:3)
          at runAndTransformResultsToJestFormat (D:\testingndrih\backend\node_modules\jest-circus\build\legacy-code-todo-rewrite\jestAdapterInit.js:122:21)
          at jestAdapter (D:\testingndrih\backend\node_modules\jest-circus\build\legacy-code-todo-rewrite\jestAdapter.js:79:19)
          at runTestInternal (D:\testingndrih\backend\node_modules\jest-runner\build\runTest.js:367:16)
          at runTest (D:\testingndrih\backend\node_modules\jest-runner\build\runTest.js:444:34)
          at Object.worker (D:\testingndrih\backend\node_modules\jest-runner\build\testWorker.js:106:12)

      177 |       })
      178 |     } catch (error) {
    > 179 |       console.error('Error cancelling execution:', error)
          |               ^
      180 |       res.status(400).json({
      181 |         success: false,
      182 |         message: error.message

      at error (src/controllers/executionController.js:179:15)
      at Generator.call (src/controllers/executionController.js:2:1)
      at Generator._invoke [as throw] (src/controllers/executionController.js:2:1)
      at asyncGeneratorStep (src/controllers/executionController.js:2:1)
      at asyncGeneratorStep (src/controllers/executionController.js:2:1)

PASS src/services/__tests__/executionService.comprehensive.test.js (7.972 s)
  ΓùÅ Console

    console.log
      [RETRY] ≡ƒöä Failure Type: UNKNOWN_ERROR

      at log (src/services/retryEngineService.js:121:13)

    console.log
      [RETRY] Strategy: Unknown error, attempting single retry

      at log (src/services/retryEngineService.js:122:13)

    console.log
      [RETRY] Max Retries: 1

      at log (src/services/retryEngineService.js:123:13)

    console.log
      [RETRY] Attempt 1/2

      at log (src/services/retryEngineService.js:135:17)

    console.log
      [RETRY] Γ¥î Attempt 1 failed: CLICK step requires a selector

      at log (src/services/retryEngineService.js:154:17)

    console.log
      [RETRY] Waiting 500ms before retry...

      at log (src/services/retryEngineService.js:107:13)

    console.log
      [RETRY] Attempt 2/2

      at log (src/services/retryEngineService.js:135:17)

    console.log
      [RETRY] Γ¥î Attempt 2 failed: CLICK step requires a selector

      at log (src/services/retryEngineService.js:154:17)

    console.log
      [SCREENSHOT] Failure screenshot saved: execution_exec-1_step_1_2026-06-02T07-05-02-155Z.png

      at ScreenshotComparisonService.log (src/services/screenshotComparisonService.js:87:15)

    console.log
      [RETRY] ≡ƒöä Failure Type: UNKNOWN_ERROR

      at log (src/services/retryEngineService.js:121:13)

    console.log
      [RETRY] Strategy: Unknown error, attempting single retry

      at log (src/services/retryEngineService.js:122:13)

    console.log
      [RETRY] Max Retries: 1

      at log (src/services/retryEngineService.js:123:13)

    console.log
      [RETRY] Attempt 1/2

      at log (src/services/retryEngineService.js:135:17)

    console.log
      [RETRY] Γ¥î Attempt 1 failed: CLICK step requires a selector

      at log (src/services/retryEngineService.js:154:17)

    console.log
      [RETRY] Waiting 500ms before retry...

      at log (src/services/retryEngineService.js:107:13)

    console.log
      [RETRY] Attempt 2/2

      at log (src/services/retryEngineService.js:135:17)

    console.log
      [RETRY] Γ¥î Attempt 2 failed: CLICK step requires a selector

      at log (src/services/retryEngineService.js:154:17)

    console.log
      [SCREENSHOT] Failure screenshot saved: execution_exec-1_step_1_2026-06-02T07-05-03-888Z.png

      at ScreenshotComparisonService.log (src/services/screenshotComparisonService.js:87:15)

A worker process has failed to exit gracefully and has been force exited. This is likely caused by tests leaking due to improper teardown. Try running with --detectOpenHandles to find leaks. Active timers can also cause this, ensure that .unref() was called on them.
Jest: "global" coverage threshold for statements (80%) not met: 23.11%
Jest: "global" coverage threshold for branches (75%) not met: 24.76%
Jest: "global" coverage threshold for lines (80%) not met: 23.46%
Jest: "global" coverage threshold for functions (80%) not met: 24%

Test Suites: 2 failed, 17 passed, 19 total
Tests:       22 failed, 273 passed, 295 total
Snapshots:   0 total
Time:        11.896 s
Ran all test suites.
Test results written to: test-results.json
npm error Lifecycle script `test` failed with error:
npm error code 1
npm error path D:\testingndrih\backend
npm error workspace testingndrih-backend@2.0.0
npm error location D:\testingndrih\backend
npm error command failed
npm error command C:\Windows\system32\cmd.exe /d /s /c jest --coverage --json --outputFile=test-results.json
